Archive member included to satisfy reference by file (symbol)

../rc/librclib.a(filter.c.obj)
                              CMakeFiles/mbot.dir/mbot.c.obj (rc_filter_empty)
../rc/librclib.a(polynomial.c.obj)
                              ../rc/librclib.a(filter.c.obj) (rc_poly_conv)
../rc/librclib.a(ring_buffer.c.obj)
                              ../rc/librclib.a(filter.c.obj) (rc_ringbuf_alloc)
../rc/librclib.a(vector.c.obj)
                              ../rc/librclib.a(filter.c.obj) (rc_vector_alloc)
../rc/librclib.a(motor.c.obj)
                              CMakeFiles/mbot.dir/mbot.c.obj (rc_motor_set)
../rc/librclib.a(encoder.c.obj)
                              CMakeFiles/mbot.dir/mbot.c.obj (rc_encoder_init)
../rc/librclib.a(mpu.c.obj)   CMakeFiles/mbot.dir/mbot.c.obj (mb_mpu_default_config)
../rc/librclib.a(fram.c.obj)  CMakeFiles/mbot.dir/mbot.c.obj (mb_read_fram)
../rc/librclib.a(algebra_common.c.obj)
                              ../rc/librclib.a(vector.c.obj) (__vectorized_mult_accumulate)
../rc/librclib.a(algebra.c.obj)
                              ../rc/librclib.a(mpu.c.obj) (rc_algebra_fit_ellipsoid)
../rc/librclib.a(matrix.c.obj)
                              ../rc/librclib.a(mpu.c.obj) (rc_matrix_empty)
../rc/librclib.a(other.c.obj)
                              ../rc/librclib.a(vector.c.obj) (rc_get_random_double)
../rc/librclib.a(quaternion.c.obj)
                              ../rc/librclib.a(mpu.c.obj) (rc_quaternion_to_tb_array)
../comms/libcomms.a(protocol.c.obj)
                              CMakeFiles/mbot.dir/mbot.c.obj (comms_init_protocol)
../comms/libcomms.a(listener.c.obj)
                              CMakeFiles/mbot.dir/mbot.c.obj (comms_listener_loop)
../comms/libcomms.a(topic_data.c.obj)
                              CMakeFiles/mbot.dir/mbot.c.obj (comms_init_topic_data)
../comms/libcomms.a(messages_mb.c.obj)
                              CMakeFiles/mbot.dir/mbot.c.obj (timestamp_t_deserialize)
../comms/libcomms.a(common.c.obj)
                              ../comms/libcomms.a(listener.c.obj) (checksum)
/usr/lib/gcc/arm-none-eabi/8.3.1/thumb/v6-m/nofp/libgcc.a(_dvmd_tls.o)
                              CMakeFiles/mbot.dir/__/lib/pico-sdk/src/rp2_common/pico_divider/divider.S.obj (__aeabi_idiv0)
/usr/lib/gcc/arm-none-eabi/8.3.1/../../../arm-none-eabi/lib/thumb/v6-m/nofp/libc.a(lib_a-atexit.o)
                              /usr/lib/gcc/arm-none-eabi/8.3.1/../../../arm-none-eabi/lib/thumb/v6-m/nofp/crt0.o (atexit)
/usr/lib/gcc/arm-none-eabi/8.3.1/../../../arm-none-eabi/lib/thumb/v6-m/nofp/libc.a(lib_a-calloc.o)
                              CMakeFiles/mbot.dir/__/lib/pico-sdk/src/rp2_common/pico_malloc/pico_malloc.c.obj (calloc)
/usr/lib/gcc/arm-none-eabi/8.3.1/../../../arm-none-eabi/lib/thumb/v6-m/nofp/libc.a(lib_a-callocr.o)
                              /usr/lib/gcc/arm-none-eabi/8.3.1/../../../arm-none-eabi/lib/thumb/v6-m/nofp/libc.a(lib_a-calloc.o) (_calloc_r)
/usr/lib/gcc/arm-none-eabi/8.3.1/../../../arm-none-eabi/lib/thumb/v6-m/nofp/libc.a(lib_a-fflush.o)
                              ../rc/librclib.a(mpu.c.obj) (fflush)
/usr/lib/gcc/arm-none-eabi/8.3.1/../../../arm-none-eabi/lib/thumb/v6-m/nofp/libc.a(lib_a-findfp.o)
                              /usr/lib/gcc/arm-none-eabi/8.3.1/../../../arm-none-eabi/lib/thumb/v6-m/nofp/libc.a(lib_a-fflush.o) (__sinit)
/usr/lib/gcc/arm-none-eabi/8.3.1/../../../arm-none-eabi/lib/thumb/v6-m/nofp/libc.a(lib_a-fini.o)
                              /usr/lib/gcc/arm-none-eabi/8.3.1/../../../arm-none-eabi/lib/thumb/v6-m/nofp/crt0.o (__libc_fini_array)
/usr/lib/gcc/arm-none-eabi/8.3.1/../../../arm-none-eabi/lib/thumb/v6-m/nofp/libc.a(lib_a-fprintf.o)
                              ../rc/librclib.a(matrix.c.obj) (fprintf)
/usr/lib/gcc/arm-none-eabi/8.3.1/../../../arm-none-eabi/lib/thumb/v6-m/nofp/libc.a(lib_a-freer.o)
                              /usr/lib/gcc/arm-none-eabi/8.3.1/../../../arm-none-eabi/lib/thumb/v6-m/nofp/libc.a(lib_a-fflush.o) (_free_r)
/usr/lib/gcc/arm-none-eabi/8.3.1/../../../arm-none-eabi/lib/thumb/v6-m/nofp/libc.a(lib_a-fwalk.o)
                              /usr/lib/gcc/arm-none-eabi/8.3.1/../../../arm-none-eabi/lib/thumb/v6-m/nofp/libc.a(lib_a-findfp.o) (_fwalk)
/usr/lib/gcc/arm-none-eabi/8.3.1/../../../arm-none-eabi/lib/thumb/v6-m/nofp/libc.a(lib_a-fwrite.o)
                              ../rc/librclib.a(filter.c.obj) (fwrite)
/usr/lib/gcc/arm-none-eabi/8.3.1/../../../arm-none-eabi/lib/thumb/v6-m/nofp/libc.a(lib_a-impure.o)
                              /usr/lib/gcc/arm-none-eabi/8.3.1/../../../arm-none-eabi/lib/thumb/v6-m/nofp/libc.a(lib_a-fflush.o) (_global_impure_ptr)
/usr/lib/gcc/arm-none-eabi/8.3.1/../../../arm-none-eabi/lib/thumb/v6-m/nofp/libc.a(lib_a-init.o)
                              /usr/lib/gcc/arm-none-eabi/8.3.1/../../../arm-none-eabi/lib/thumb/v6-m/nofp/crt0.o (__libc_init_array)
/usr/lib/gcc/arm-none-eabi/8.3.1/../../../arm-none-eabi/lib/thumb/v6-m/nofp/libc.a(lib_a-malloc.o)
[...]
Memory Configuration

Name             Origin             Length             Attributes
FLASH            0x10000000         0x00200000         xr
RAM              0x20000000         0x00040000         xrw
SCRATCH_X        0x20040000         0x00001000         xrw
SCRATCH_Y        0x20041000         0x00001000         xrw
*default*        0x00000000         0xffffffff

Linker script and memory map

LOAD /usr/lib/gcc/arm-none-eabi/8.3.1/thumb/v6-m/nofp/crti.o
LOAD /usr/lib/gcc/arm-none-eabi/8.3.1/thumb/v6-m/nofp/crtbegin.o
LOAD /usr/lib/gcc/arm-none-eabi/8.3.1/../../../arm-none-eabi/lib/thumb/v6-m/nofp/crt0.o

.flash_begin    0x10000000        0x0
                0x10000000                __flash_binary_start = .

.boot2          0x10000000      0x100
                0x10000000                __boot2_start__ = .
 *(.boot2)
 .boot2         0x10000000      0x100 /tmp/cctr4y5O.o
                0x10000100                __boot2_end__ = .
                0x00000001                ASSERT (((__boot2_end__ - __boot2_start__) == 0x100), ERROR: Pico second stage bootloader must be 256 bytes in size)

.text           0x10000100    0x11628
                0x10000100                __logical_binary_start = .
 *(.vectors)
 .vectors       0x10000100       0xd4 CMakeFiles/mbot.dir/__/lib/pico-sdk/src/rp2_common/pico_standard_link/crt0.S.obj
                0x10000100                __vectors
                0x10000100                __VECTOR_TABLE
                0x100001c0                isr_invalid
                0x100001c0                __default_isrs_start
                0x100001c2                isr_nmi
                0x100001c4                isr_hardfault
                0x100001c6                isr_svcall
                0x100001c8                isr_pendsv
                0x100001ca                isr_systick
                0x100001cc                isr_irq30
                0x100001cc                __unhandled_user_irq
                0x100001cc                isr_irq13
                0x100001cc                isr_irq27
                0x100001cc                isr_irq31
                0x100001cc                isr_irq5
                0x100001cc                isr_irq11
                0x100001cc                isr_irq23
                0x100001cc                isr_irq18
                0x100001cc                isr_irq28
                0x100001cc                isr_irq19
                0x100001cc                isr_irq0
                0x100001cc                isr_irq6
                0x100001cc                isr_irq22
                0x100001cc                isr_irq17
                0x100001cc                isr_irq14
                0x100001cc                isr_irq2
                0x100001cc                isr_irq10
                0x100001cc                isr_irq8
                0x100001cc                isr_irq24
                0x100001cc                isr_irq1
                0x100001cc                isr_irq7
                0x100001cc                isr_irq21
                0x100001cc                isr_irq20
                0x100001cc                isr_irq15
                0x100001cc                isr_irq25
                0x100001cc                isr_irq4
                0x100001cc                isr_irq16
                0x100001cc                isr_irq29
                0x100001cc                isr_irq26
                0x100001cc                __default_isrs_end
                0x100001cc                isr_irq3
                0x100001cc                isr_irq12
                0x100001cc                isr_irq9
                0x100001d2                unhandled_user_irq_num_in_r0
 *(.binary_info_header)
 .binary_info_header
                0x100001d4       0x14 CMakeFiles/mbot.dir/__/lib/pico-sdk/src/rp2_common/pico_standard_link/crt0.S.obj
                0x100001e8                __binary_info_header_end = .
 *(.reset)
 .reset         0x100001e8       0xa8 CMakeFiles/mbot.dir/__/lib/pico-sdk/src/rp2_common/pico_standard_link/crt0.S.obj
                0x100001e8                _entry_point
                0x10000266                __get_current_exception
 .reset         0x10000290       0x30 CMakeFiles/mbot.dir/__/lib/pico-sdk/src/rp2_common/pico_standard_link/binary_info.c.obj
 *(.init)
 .init          0x100002c0        0x4 /usr/lib/gcc/arm-none-eabi/8.3.1/thumb/v6-m/nofp/crti.o
                0x100002c0                _init
 *(EXCLUDE_FILE(*libm.a: *libc.a:*lib_a-mem*.o *libgcc.a:) .text*)
 .text          0x100002c4       0x98 /usr/lib/gcc/arm-none-eabi/8.3.1/thumb/v6-m/nofp/crtbegin.o
 .text.reset_odometry_cb
                0x1000035c       0x78 CMakeFiles/mbot.dir/mbot.c.obj
                0x1000035c                reset_odometry_cb
 .text.reset_encoders_cb
                0x100003d4       0x3c CMakeFiles/mbot.dir/mbot.c.obj
                0x100003d4                reset_encoders_cb
 .text.timer_cb
                0x10000410      0x6ac CMakeFiles/mbot.dir/mbot.c.obj
                0x10000410                timer_cb
 .text.timestamp_cb
                0x10000abc       0x28 CMakeFiles/mbot.dir/mbot.c.obj
                0x10000abc                timestamp_cb
 .text.pid_values_cb
                0x10000ae4       0x34 CMakeFiles/mbot.dir/mbot.c.obj
                0x10000ae4                pid_values_cb
 .text.register_topics
                0x10000b18       0xcc CMakeFiles/mbot.dir/mbot.c.obj
                0x10000b18                register_topics
 .text.startup.main
                0x10000be4      0x550 CMakeFiles/mbot.dir/mbot.c.obj
                0x10000be4                main
 .text.set_sys_clock_pll
                0x10001134       0x78 CMakeFiles/mbot.dir/__/lib/pico-sdk/src/rp2_common/pico_stdlib/stdlib.c.obj
                0x10001134                set_sys_clock_pll
 .text.check_sys_clock_khz
                0x100011ac      0x148 CMakeFiles/mbot.dir/__/lib/pico-sdk/src/rp2_common/pico_stdlib/stdlib.c.obj
                0x100011ac                check_sys_clock_khz
 .text.gpio_default_irq_handler
                0x100012f4      0x24c CMakeFiles/mbot.dir/__/lib/pico-sdk/src/rp2_common/hardware_gpio/gpio.c.obj
 .text.gpio_set_function
                0x10001540       0x30 CMakeFiles/mbot.dir/__/lib/pico-sdk/src/rp2_common/hardware_gpio/gpio.c.obj
                0x10001540                gpio_set_function
 .text.gpio_get_function
                0x10001570       0x14 CMakeFiles/mbot.dir/__/lib/pico-sdk/src/rp2_common/hardware_gpio/gpio.c.obj
                0x10001570                gpio_get_function
 .text.gpio_set_pulls
                0x10001584       0x30 CMakeFiles/mbot.dir/__/lib/pico-sdk/src/rp2_common/hardware_gpio/gpio.c.obj
                0x10001584                gpio_set_pulls
 .text.gpio_set_irq_enabled_with_callback
                0x100015b4       0xac CMakeFiles/mbot.dir/__/lib/pico-sdk/src/rp2_common/hardware_gpio/gpio.c.obj
                0x100015b4                gpio_set_irq_enabled_with_callback
 .text.gpio_init
                0x10001660       0x3c CMakeFiles/mbot.dir/__/lib/pico-sdk/src/rp2_common/hardware_gpio/gpio.c.obj
                0x10001660                gpio_init
 .text.hw_claim_lock
                0x1000169c       0x18 CMakeFiles/mbot.dir/__/lib/pico-sdk/src/rp2_common/hardware_claim/claim.c.obj
                0x1000169c                hw_claim_lock
 .text.hw_claim_unlock
                0x100016b4       0x14 CMakeFiles/mbot.dir/__/lib/pico-sdk/src/rp2_common/hardware_claim/claim.c.obj
                0x100016b4                hw_claim_unlock
 .text.hw_is_claimed
                0x100016c8       0x18 CMakeFiles/mbot.dir/__/lib/pico-sdk/src/rp2_common/hardware_claim/claim.c.obj
                0x100016c8                hw_is_claimed
 .text.hw_claim_or_assert
                0x100016e0       0x44 CMakeFiles/mbot.dir/__/lib/pico-sdk/src/rp2_common/hardware_claim/claim.c.obj
                0x100016e0                hw_claim_or_assert
 .text.hw_claim_unused_from_range
                0x10001724       0x9c CMakeFiles/mbot.dir/__/lib/pico-sdk/src/rp2_common/hardware_claim/claim.c.obj
                0x10001724                hw_claim_unused_from_range
 .text.running_on_fpga
                0x100017c0       0x10 CMakeFiles/mbot.dir/__/lib/pico-sdk/src/rp2_common/pico_platform/platform.c.obj
                0x100017c0                running_on_fpga
 .text.spin_locks_reset
                0x100017d0       0x1c CMakeFiles/mbot.dir/__/lib/pico-sdk/src/rp2_common/hardware_sync/sync.c.obj
                0x100017d0                spin_locks_reset
 .text.next_striped_spin_lock_num
                0x100017ec       0x18 CMakeFiles/mbot.dir/__/lib/pico-sdk/src/rp2_common/hardware_sync/sync.c.obj
                0x100017ec                next_striped_spin_lock_num
 .text.spin_lock_claim_unused
                0x10001804       0x20 CMakeFiles/mbot.dir/__/lib/pico-sdk/src/rp2_common/hardware_sync/sync.c.obj
                0x10001804                spin_lock_claim_unused
 .text.irq_set_enabled
                0x10001824       0x24 CMakeFiles/mbot.dir/__/lib/pico-sdk/src/rp2_common/hardware_irq/irq.c.obj
                0x10001824                irq_set_enabled
 .text.irq_is_enabled
                0x10001848       0x18 CMakeFiles/mbot.dir/__/lib/pico-sdk/src/rp2_common/hardware_irq/irq.c.obj
                0x10001848                irq_is_enabled
 .text.irq_set_pending
                0x10001860       0x10 CMakeFiles/mbot.dir/__/lib/pico-sdk/src/rp2_common/hardware_irq/irq.c.obj
                0x10001860                irq_set_pending
 .text.irq_has_shared_handler
                0x10001870       0x2c CMakeFiles/mbot.dir/__/lib/pico-sdk/src/rp2_common/hardware_irq/irq.c.obj
                0x10001870                irq_has_shared_handler
 .text.irq_get_vtable_handler
                0x1000189c       0x10 CMakeFiles/mbot.dir/__/lib/pico-sdk/src/rp2_common/hardware_irq/irq.c.obj
                0x1000189c                irq_get_vtable_handler
 .text.irq_set_exclusive_handler
                0x100018ac       0x54 CMakeFiles/mbot.dir/__/lib/pico-sdk/src/rp2_common/hardware_irq/irq.c.obj
                0x100018ac                irq_set_exclusive_handler
 .text.irq_add_shared_handler
                0x10001900      0x1c8 CMakeFiles/mbot.dir/__/lib/pico-sdk/src/rp2_common/hardware_irq/irq.c.obj
                0x10001900                irq_add_shared_handler
 .text.irq_remove_handler
                0x10001ac8      0x1b4 CMakeFiles/mbot.dir/__/lib/pico-sdk/src/rp2_common/hardware_irq/irq.c.obj
                0x10001ac8                irq_remove_handler
 .text.irq_add_tail_to_free_list
                0x10001c7c       0xb4 CMakeFiles/mbot.dir/__/lib/pico-sdk/src/rp2_common/hardware_irq/irq.c.obj
                0x10001c7c                irq_add_tail_to_free_list
 .text.irq_init_priorities
                0x10001d30       0x24 CMakeFiles/mbot.dir/__/lib/pico-sdk/src/rp2_common/hardware_irq/irq.c.obj
                0x10001d30                irq_init_priorities
 .text.user_irq_claim_unused
                0x10001d54       0x30 CMakeFiles/mbot.dir/__/lib/pico-sdk/src/rp2_common/hardware_irq/irq.c.obj
                0x10001d54                user_irq_claim_unused
 .text.lock_init
                0x10001d84       0x10 CMakeFiles/mbot.dir/__/lib/pico-sdk/src/common/pico_sync/lock_core.c.obj
                0x10001d84                lock_init
 .text.timer_pool_entry_comparator
                0x10001d94       0x34 CMakeFiles/mbot.dir/__/lib/pico-sdk/src/common/pico_time/time.c.obj
                0x10001d94                timer_pool_entry_comparator
 .text.repeating_timer_callback
                0x10001dc8       0x1c CMakeFiles/mbot.dir/__/lib/pico-sdk/src/common/pico_time/time.c.obj
 .text.sleep_until_callback
                0x10001de4       0x30 CMakeFiles/mbot.dir/__/lib/pico-sdk/src/common/pico_time/time.c.obj
 .text.add_alarm_under_lock
                0x10001e14      0x114 CMakeFiles/mbot.dir/__/lib/pico-sdk/src/common/pico_time/time.c.obj
 .text.alarm_pool_alarm_callback
                0x10001f28      0x1d0 CMakeFiles/mbot.dir/__/lib/pico-sdk/src/common/pico_time/time.c.obj
 .text.alarm_pool_init_default
                0x100020f8       0x64 CMakeFiles/mbot.dir/__/lib/pico-sdk/src/common/pico_time/time.c.obj
                0x100020f8                alarm_pool_init_default
 .text.alarm_pool_get_default
                0x1000215c        0x8 CMakeFiles/mbot.dir/__/lib/pico-sdk/src/common/pico_time/time.c.obj
                0x1000215c                alarm_pool_get_default
 .text.alarm_pool_add_alarm_at
                0x10002164      0x19c CMakeFiles/mbot.dir/__/lib/pico-sdk/src/common/pico_time/time.c.obj
                0x10002164                alarm_pool_add_alarm_at
 .text.alarm_pool_cancel_alarm
                0x10002300       0x70 CMakeFiles/mbot.dir/__/lib/pico-sdk/src/common/pico_time/time.c.obj
                0x10002300                alarm_pool_cancel_alarm
 .text.alarm_pool_add_repeating_timer_us
                0x10002370      0x240 CMakeFiles/mbot.dir/__/lib/pico-sdk/src/common/pico_time/time.c.obj
                0x10002370                alarm_pool_add_repeating_timer_us
 .text.sleep_until
                0x100025b0       0xc4 CMakeFiles/mbot.dir/__/lib/pico-sdk/src/common/pico_time/time.c.obj
                0x100025b0                sleep_until
 .text.sleep_us
                0x10002674       0xe8 CMakeFiles/mbot.dir/__/lib/pico-sdk/src/common/pico_time/time.c.obj
                0x10002674                sleep_us
 .text.sleep_ms
                0x1000275c       0x38 CMakeFiles/mbot.dir/__/lib/pico-sdk/src/common/pico_time/time.c.obj
                0x1000275c                sleep_ms
 .text.best_effort_wfe_or_timeout
                0x10002794       0x58 CMakeFiles/mbot.dir/__/lib/pico-sdk/src/common/pico_time/time.c.obj
                0x10002794                best_effort_wfe_or_timeout
 .text.hardware_alarm_irq_handler
                0x100027ec       0xb0 CMakeFiles/mbot.dir/__/lib/pico-sdk/src/rp2_common/hardware_timer/timer.c.obj
 .text.hardware_alarm_claim
                0x1000289c       0x18 CMakeFiles/mbot.dir/__/lib/pico-sdk/src/rp2_common/hardware_timer/timer.c.obj
                0x1000289c                hardware_alarm_claim
 .text.time_us_64
                0x100028b4       0x18 CMakeFiles/mbot.dir/__/lib/pico-sdk/src/rp2_common/hardware_timer/timer.c.obj
                0x100028b4                time_us_64
 .text.busy_wait_us
                0x100028cc       0x60 CMakeFiles/mbot.dir/__/lib/pico-sdk/src/rp2_common/hardware_timer/timer.c.obj
                0x100028cc                busy_wait_us
 .text.busy_wait_until
                0x1000292c       0x20 CMakeFiles/mbot.dir/__/lib/pico-sdk/src/rp2_common/hardware_timer/timer.c.obj
                0x1000292c                busy_wait_until
 .text.hardware_alarm_set_callback
                0x1000294c       0x8c CMakeFiles/mbot.dir/__/lib/pico-sdk/src/rp2_common/hardware_timer/timer.c.obj
                0x1000294c                hardware_alarm_set_callback
 .text.hardware_alarm_set_target
                0x100029d8       0xe8 CMakeFiles/mbot.dir/__/lib/pico-sdk/src/rp2_common/hardware_timer/timer.c.obj
                0x100029d8                hardware_alarm_set_target
 .text.hardware_alarm_cancel
                0x10002ac0       0x40 CMakeFiles/mbot.dir/__/lib/pico-sdk/src/rp2_common/hardware_timer/timer.c.obj
                0x10002ac0                hardware_alarm_cancel
 .text.ph_merge_nodes
                0x10002b00       0x5c CMakeFiles/mbot.dir/__/lib/pico-sdk/src/common/pico_util/pheap.c.obj
 .text.ph_post_alloc_init
                0x10002b5c      0x1b8 CMakeFiles/mbot.dir/__/lib/pico-sdk/src/common/pico_util/pheap.c.obj
                0x10002b5c                ph_post_alloc_init
 .text.ph_merge_two_pass
                0x10002d14       0x4c CMakeFiles/mbot.dir/__/lib/pico-sdk/src/common/pico_util/pheap.c.obj
                0x10002d14                ph_merge_two_pass
 .text.ph_remove_any_head
                0x10002d60      0x1b8 CMakeFiles/mbot.dir/__/lib/pico-sdk/src/common/pico_util/pheap.c.obj
 .text.ph_remove_head
                0x10002f18      0x1bc CMakeFiles/mbot.dir/__/lib/pico-sdk/src/common/pico_util/pheap.c.obj
                0x10002f18                ph_remove_head
 .text.ph_remove_and_free_node
                0x100030d4       0x7c CMakeFiles/mbot.dir/__/lib/pico-sdk/src/common/pico_util/pheap.c.obj
                0x100030d4                ph_remove_and_free_node
 .text.mutex_init
                0x10003150       0x1c CMakeFiles/mbot.dir/__/lib/pico-sdk/src/common/pico_sync/mutex.c.obj
                0x10003150                mutex_init
 .text.recursive_mutex_init
                0x1000316c       0x1c CMakeFiles/mbot.dir/__/lib/pico-sdk/src/common/pico_sync/mutex.c.obj
                0x1000316c                recursive_mutex_init
 .text.critical_section_init
                0x10003188       0x20 CMakeFiles/mbot.dir/__/lib/pico-sdk/src/common/pico_sync/critical_section.c.obj
                0x10003188                critical_section_init
 .text.runtime_init
                0x100031a8       0xf4 CMakeFiles/mbot.dir/__/lib/pico-sdk/src/rp2_common/pico_runtime/runtime.c.obj
                0x100031a8                runtime_init
 .text._sbrk    0x1000329c       0x34 CMakeFiles/mbot.dir/__/lib/pico-sdk/src/rp2_common/pico_runtime/runtime.c.obj
                0x1000329c                _sbrk
 .text.exit     0x100032d0        0x4 CMakeFiles/mbot.dir/__/lib/pico-sdk/src/rp2_common/pico_runtime/runtime.c.obj
                0x100032d0                exit
 .text.panic    0x100032d4       0x30 CMakeFiles/mbot.dir/__/lib/pico-sdk/src/rp2_common/pico_runtime/runtime.c.obj
                0x100032d4                panic
 .text.hard_assertion_failure
                0x10003304        0xc CMakeFiles/mbot.dir/__/lib/pico-sdk/src/rp2_common/pico_runtime/runtime.c.obj
                0x10003304                hard_assertion_failure
 .text.clock_configure
                0x10003310      0x148 CMakeFiles/mbot.dir/__/lib/pico-sdk/src/rp2_common/hardware_clocks/clocks.c.obj
                0x10003310                clock_configure
 .text.clocks_init
                0x10003458      0x2c0 CMakeFiles/mbot.dir/__/lib/pico-sdk/src/rp2_common/hardware_clocks/clocks.c.obj
                0x10003458                clocks_init
 .text.clock_get_hz
                0x10003718        0xc CMakeFiles/mbot.dir/__/lib/pico-sdk/src/rp2_common/hardware_clocks/clocks.c.obj
                0x10003718                clock_get_hz
 .text.pll_init
                0x10003724       0xa8 CMakeFiles/mbot.dir/__/lib/pico-sdk/src/rp2_common/hardware_pll/pll.c.obj
                0x10003724                pll_init
 .text.watchdog_start_tick
                0x100037cc       0x10 CMakeFiles/mbot.dir/__/lib/pico-sdk/src/rp2_common/hardware_watchdog/watchdog.c.obj
                0x100037cc                watchdog_start_tick
 .text.watchdog_reboot
                0x100037dc       0x98 CMakeFiles/mbot.dir/__/lib/pico-sdk/src/rp2_common/hardware_watchdog/watchdog.c.obj
                0x100037dc                watchdog_reboot
 .text.xosc_init
                0x10003874       0x28 CMakeFiles/mbot.dir/__/lib/pico-sdk/src/rp2_common/hardware_xosc/xosc.c.obj
                0x10003874                xosc_init
 .text._out_null
                0x1000389c        0x4 CMakeFiles/mbot.dir/__/lib/pico-sdk/src/rp2_common/pico_printf/printf.c.obj
 .text._out_rev
                0x100038a0       0x9c CMakeFiles/mbot.dir/__/lib/pico-sdk/src/rp2_common/pico_printf/printf.c.obj
 .text._ntoa_format
                0x1000393c      0x1c8 CMakeFiles/mbot.dir/__/lib/pico-sdk/src/rp2_common/pico_printf/printf.c.obj
 .text._out_char
                0x10003b04       0x10 CMakeFiles/mbot.dir/__/lib/pico-sdk/src/rp2_common/pico_printf/printf.c.obj
 .text._out_fct
                0x10003b14       0x10 CMakeFiles/mbot.dir/__/lib/pico-sdk/src/rp2_common/pico_printf/printf.c.obj
 .text._etoa    0x10003b24      0x45c CMakeFiles/mbot.dir/__/lib/pico-sdk/src/rp2_common/pico_printf/printf.c.obj
 .text._ftoa    0x10003f80      0x4c0 CMakeFiles/mbot.dir/__/lib/pico-sdk/src/rp2_common/pico_printf/printf.c.obj
 .text._vsnprintf
                0x10004440      0xad0 CMakeFiles/mbot.dir/__/lib/pico-sdk/src/rp2_common/pico_printf/printf.c.obj
 .text.vfctprintf
                0x10004f10       0x20 CMakeFiles/mbot.dir/__/lib/pico-sdk/src/rp2_common/pico_printf/printf.c.obj
                0x10004f10                vfctprintf
 .text.weak_raw_vprintf
                0x10004f30       0x30 CMakeFiles/mbot.dir/__/lib/pico-sdk/src/rp2_common/pico_printf/printf.c.obj
                0x10004f30                weak_raw_vprintf
 .text          0x10004f60       0x10 CMakeFiles/mbot.dir/__/lib/pico-sdk/src/rp2_common/pico_bit_ops/bit_ops_aeabi.S.obj
 .text.rom_func_lookup
                0x10004f70       0x10 CMakeFiles/mbot.dir/__/lib/pico-sdk/src/rp2_common/pico_bootrom/bootrom.c.obj
                0x10004f70                rom_func_lookup
 .text.rom_data_lookup
                0x10004f80       0x10 CMakeFiles/mbot.dir/__/lib/pico-sdk/src/rp2_common/pico_bootrom/bootrom.c.obj
                0x10004f80                rom_data_lookup
 .text.rom_funcs_lookup
                0x10004f90       0x3c CMakeFiles/mbot.dir/__/lib/pico-sdk/src/rp2_common/pico_bootrom/bootrom.c.obj
                0x10004f90                rom_funcs_lookup
 .text.__wrap___aeabi_idiv
                0x10004fcc       0x50 CMakeFiles/mbot.dir/__/lib/pico-sdk/src/rp2_common/pico_divider/divider.S.obj
                0x10004fcc                __wrap___aeabi_idivmod
                0x10004fcc                divmod_s32s32
                0x10004fcc                div_s32s32
                0x10004fcc                __wrap___aeabi_idiv
                0x10004fd4                divmod_s32s32_unsafe
                0x10005000                divmod_s32s32_savestate
 .text.__wrap___aeabi_uidiv
                0x1000501c       0x4c CMakeFiles/mbot.dir/__/lib/pico-sdk/src/rp2_common/pico_divider/divider.S.obj
                0x1000501c                __wrap___aeabi_uidiv
                0x1000501c                __wrap___aeabi_uidivmod
                0x1000501c                div_u32u32
                0x1000501c                divmod_u32u32
                0x10005024                divmod_u32u32_unsafe
                0x1000504c                divmod_u32u32_savestate
 .text.__wrap___aeabi_ldiv
                0x10005068      0x434 CMakeFiles/mbot.dir/__/lib/pico-sdk/src/rp2_common/pico_divider/divider.S.obj
                0x10005068                div_s64s64
                0x10005068                divmod_s64s64
                0x10005068                __wrap___aeabi_ldivmod
                0x100050a0                div_u64u64
                0x100050a0                divmod_u64u64
                0x100050a0                __wrap___aeabi_uldivmod
                0x100050b0                divmod_u64u64_savestate
                0x100050d8                divmod_s64s64_unsafe
                0x10005160                divmod_u64u64_unsafe
 .text.push_r8_r11
                0x1000549c        0xc CMakeFiles/mbot.dir/__/lib/pico-sdk/src/rp2_common/pico_double/double_aeabi.S.obj
                0x1000549c                push_r8_r11
 .text.pop_r8_r11
                0x100054a8        0xc CMakeFiles/mbot.dir/__/lib/pico-sdk/src/rp2_common/pico_double/double_aeabi.S.obj
                0x100054a8                pop_r8_r11
 .text.__wrap___aeabi_darithmetic
                0x100054b4       0x80 CMakeFiles/mbot.dir/__/lib/pico-sdk/src/rp2_common/pico_double/double_aeabi.S.obj
                0x100054b4                __wrap___aeabi_drsub
                0x100054ba                __wrap___aeabi_dsub
                0x100054cc                __wrap___aeabi_dadd
                0x100054de                __wrap___aeabi_ddiv
                0x1000551a                __wrap___aeabi_dmul
 .text.__wrap___aeabi_cdcmple
                0x10005534       0x6c CMakeFiles/mbot.dir/__/lib/pico-sdk/src/rp2_common/pico_double/double_aeabi.S.obj
                0x10005534                __wrap___aeabi_cdrcmple
                0x10005544                __wrap___aeabi_cdcmple
                0x10005544                __wrap___aeabi_cdcmpeq
 .text.__wrap___aeabi_dcmplt
                0x100055a0        0xc CMakeFiles/mbot.dir/__/lib/pico-sdk/src/rp2_common/pico_double/double_aeabi.S.obj
                0x100055a0                __wrap___aeabi_dcmplt
 .text.__wrap___aeabi_dcmple
                0x100055ac       0x10 CMakeFiles/mbot.dir/__/lib/pico-sdk/src/rp2_common/pico_double/double_aeabi.S.obj
                0x100055ac                __wrap___aeabi_dcmple
 .text.__wrap___aeabi_dcmpge
                0x100055bc       0x10 CMakeFiles/mbot.dir/__/lib/pico-sdk/src/rp2_common/pico_double/double_aeabi.S.obj
                0x100055bc                __wrap___aeabi_dcmpge
 .text.__wrap___aeabi_dcmpgt
                0x100055cc        0xa CMakeFiles/mbot.dir/__/lib/pico-sdk/src/rp2_common/pico_double/double_aeabi.S.obj
                0x100055cc                __wrap___aeabi_dcmpgt
 .text.__wrap___aeabi_dcmpun
                0x100055d6       0x1c CMakeFiles/mbot.dir/__/lib/pico-sdk/src/rp2_common/pico_double/double_aeabi.S.obj
                0x100055d6                __wrap___aeabi_dcmpun
 *fill*         0x100055f2        0x2 
 .text.__wrap___aeabi_i2d
                0x100055f4       0x38 CMakeFiles/mbot.dir/__/lib/pico-sdk/src/rp2_common/pico_double/double_aeabi.S.obj
                0x100055f4                __wrap___aeabi_ui2d
                0x100055fc                __wrap___aeabi_i2d
 .text.__wrap___aeabi_d2iz
                0x1000562c       0x48 CMakeFiles/mbot.dir/__/lib/pico-sdk/src/rp2_common/pico_double/double_aeabi.S.obj
                0x1000562c                __wrap___aeabi_d2iz
                0x1000562c                double2int_z
 .text.__wrap___aeabi_d2uiz
                0x10005674       0x18 CMakeFiles/mbot.dir/__/lib/pico-sdk/src/rp2_common/pico_double/double_aeabi.S.obj
                0x10005674                double2uint
                0x10005674                __wrap___aeabi_d2uiz
 .text.fix642double
                0x1000568c       0x18 CMakeFiles/mbot.dir/__/lib/pico-sdk/src/rp2_common/pico_double/double_aeabi.S.obj
                0x1000568c                fix642double
 .text.__wrap___aeabi_ul2d
                0x100056a4       0x18 CMakeFiles/mbot.dir/__/lib/pico-sdk/src/rp2_common/pico_double/double_aeabi.S.obj
                0x100056a4                __wrap___aeabi_ul2d
 .text.__wrap___aeabi_d2f
                0x100056bc       0x18 CMakeFiles/mbot.dir/__/lib/pico-sdk/src/rp2_common/pico_double/double_aeabi.S.obj
                0x100056bc                __wrap___aeabi_d2f
 .text.__wrap_srqt
                0x100056d4       0x18 CMakeFiles/mbot.dir/__/lib/pico-sdk/src/rp2_common/pico_double/double_aeabi.S.obj
                0x100056d4                __wrap_sqrt
 .text.__wrap_sincostan_remainder
                0x100056ec       0x14 CMakeFiles/mbot.dir/__/lib/pico-sdk/src/rp2_common/pico_double/double_aeabi.S.obj
                0x100056ec                sincostan_remainder
 .text.__wrap_cos
                0x10005700       0x2c CMakeFiles/mbot.dir/__/lib/pico-sdk/src/rp2_common/pico_double/double_aeabi.S.obj
                0x10005700                __wrap_cos
 .text.__wrap_sin
                0x1000572c       0x2c CMakeFiles/mbot.dir/__/lib/pico-sdk/src/rp2_common/pico_double/double_aeabi.S.obj
                0x1000572c                __wrap_sin
 .text.__wrap_atan2
                0x10005758       0x18 CMakeFiles/mbot.dir/__/lib/pico-sdk/src/rp2_common/pico_double/double_aeabi.S.obj
                0x10005758                __wrap_atan2
 .text.__aeabi_double_init
                0x10005770       0xbc CMakeFiles/mbot.dir/__/lib/pico-sdk/src/rp2_common/pico_double/double_init_rom.c.obj
                0x10005770                __aeabi_double_init
 .text.__wrap_round
                0x1000582c       0xa0 CMakeFiles/mbot.dir/__/lib/pico-sdk/src/rp2_common/pico_double/double_math.c.obj
                0x1000582c                __wrap_round
 .text.__wrap_asin
                0x100058cc       0x58 CMakeFiles/mbot.dir/__/lib/pico-sdk/src/rp2_common/pico_double/double_math.c.obj
                0x100058cc                __wrap_asin
 .text.__wrap_fmod
                0x10005924      0x17c CMakeFiles/mbot.dir/__/lib/pico-sdk/src/rp2_common/pico_double/double_math.c.obj
                0x10005924                __wrap_fmod
 .text.__wrap_remquo
                0x10005aa0      0x288 CMakeFiles/mbot.dir/__/lib/pico-sdk/src/rp2_common/pico_double/double_math.c.obj
                0x10005aa0                __wrap_remquo
 .text.__wrap_remainder
                0x10005d28       0x10 CMakeFiles/mbot.dir/__/lib/pico-sdk/src/rp2_common/pico_double/double_math.c.obj
                0x10005d28                __wrap_remainder
 .text.double_table_shim_on_use_helper
                0x10005d38       0x2c CMakeFiles/mbot.dir/__/lib/pico-sdk/src/rp2_common/pico_double/double_v1_rom_shim.S.obj
                0x10005d38                double_table_shim_on_use_helper
 .text.__wrap___aeabi_dsub
                0x10005d64       0x10 CMakeFiles/mbot.dir/__/lib/pico-sdk/src/rp2_common/pico_double/double_v1_rom_shim.S.obj
                0x10005d64                drsub_shim
                0x10005d6a                dsub_shim
 .text.dadd_shim
                0x10005d74      0x15c CMakeFiles/mbot.dir/__/lib/pico-sdk/src/rp2_common/pico_double/double_v1_rom_shim.S.obj
                0x10005d74                dadd_shim
 .text.dmul_shim
                0x10005ed0      0x15c CMakeFiles/mbot.dir/__/lib/pico-sdk/src/rp2_common/pico_double/double_v1_rom_shim.S.obj
                0x10005ed0                dmul_shim
 .text.ddiv_shim
                0x1000602c      0x1b0 CMakeFiles/mbot.dir/__/lib/pico-sdk/src/rp2_common/pico_double/double_v1_rom_shim.S.obj
                0x1000602c                ddiv_shim
 .text.dsqrt_shim
                0x100061dc      0x1a8 CMakeFiles/mbot.dir/__/lib/pico-sdk/src/rp2_common/pico_double/double_v1_rom_shim.S.obj
                0x100061f8                dsqrt_shim
 .text.dcordic_vec_step
                0x10006384        0xe CMakeFiles/mbot.dir/__/lib/pico-sdk/src/rp2_common/pico_double/double_v1_rom_shim.S.obj
                0x10006384                dcordic_vec_step
 .text.dcordic_rot_step
                0x10006392       0x76 CMakeFiles/mbot.dir/__/lib/pico-sdk/src/rp2_common/pico_double/double_v1_rom_shim.S.obj
                0x10006392                dcordic_rot_step
 .text.double2uint_shim
                0x10006408        0xe CMakeFiles/mbot.dir/__/lib/pico-sdk/src/rp2_common/pico_double/double_v1_rom_shim.S.obj
                0x10006408                double2uint_shim
                0x1000640a                double2ufix_shim
 .text.double2int64_shim
                0x10006416       0x1a CMakeFiles/mbot.dir/__/lib/pico-sdk/src/rp2_common/pico_double/double_v1_rom_shim.S.obj
                0x10006416                double2int64_shim
                0x10006418                double2fix64_shim
 .text.double2uint64_shim
                0x10006430       0x70 CMakeFiles/mbot.dir/__/lib/pico-sdk/src/rp2_common/pico_double/double_v1_rom_shim.S.obj
                0x10006430                double2uint64_shim
                0x10006432                double2ufix64_shim
                0x10006452                d2fix_a
 .text.double2float_shim
                0x100064a0       0x5c CMakeFiles/mbot.dir/__/lib/pico-sdk/src/rp2_common/pico_double/double_v1_rom_shim.S.obj
                0x100064a0                double2float_shim
 .text.x2double_shims
                0x100064fc       0x90 CMakeFiles/mbot.dir/__/lib/pico-sdk/src/rp2_common/pico_double/double_v1_rom_shim.S.obj
                0x100064fc                uint2double_shim
                0x100064fe                ufix2double_shim
                0x10006504                int2double_shim
                0x10006506                fix2double_shim
                0x1000650c                uint642double_shim
                0x1000650e                ufix642double_shim
                0x10006514                int642double_shim
                0x10006516                fix642double_shim
 .text.dunpacks
                0x1000658c       0x3c CMakeFiles/mbot.dir/__/lib/pico-sdk/src/rp2_common/pico_double/double_v1_rom_shim.S.obj
                0x1000658c                dunpacks
 .text.dreduce  0x100065c8       0x82 CMakeFiles/mbot.dir/__/lib/pico-sdk/src/rp2_common/pico_double/double_v1_rom_shim.S.obj
                0x100065c8                dreduce
 .text.dcos_shim
                0x1000664a       0x10 CMakeFiles/mbot.dir/__/lib/pico-sdk/src/rp2_common/pico_double/double_v1_rom_shim.S.obj
                0x1000664a                dcos_shim
 .text.dsin_shim
                0x1000665a       0x14 CMakeFiles/mbot.dir/__/lib/pico-sdk/src/rp2_common/pico_double/double_v1_rom_shim.S.obj
                0x1000665a                dsin_shim
 *fill*         0x1000666e        0x2 
 .text.dtrig_guts
                0x10006670      0x2ec CMakeFiles/mbot.dir/__/lib/pico-sdk/src/rp2_common/pico_double/double_v1_rom_shim.S.obj
                0x10006748                datan2_shim
 .text.__aeabi_lmul
                0x1000695c       0x32 CMakeFiles/mbot.dir/__/lib/pico-sdk/src/rp2_common/pico_int64_ops/pico_int64_ops_aeabi.S.obj
                0x1000695c                __wrap___aeabi_lmul
 *fill*         0x1000698e        0x2 
 .text.__wrap___aeabi_farithmetic
                0x10006990       0x48 CMakeFiles/mbot.dir/__/lib/pico-sdk/src/rp2_common/pico_float/float_aeabi.S.obj
                0x10006990                __wrap___aeabi_frsub
                0x10006996                __wrap___aeabi_fsub
                0x1000699c                __wrap___aeabi_fadd
                0x100069a2                __wrap___aeabi_fdiv
                0x100069ca                __wrap___aeabi_fmul
 .text.__wrap___aeabi_cfcmple
                0x100069d8       0x50 CMakeFiles/mbot.dir/__/lib/pico-sdk/src/rp2_common/pico_float/float_aeabi.S.obj
                0x100069d8                __wrap___aeabi_cfrcmple
                0x100069e4                __wrap___aeabi_cfcmpeq
                0x100069e4                __wrap___aeabi_cfcmple
 .text.__wrap___aeabi_fcmpeq
                0x10006a28       0x10 CMakeFiles/mbot.dir/__/lib/pico-sdk/src/rp2_common/pico_float/float_aeabi.S.obj
                0x10006a28                __wrap___aeabi_fcmpeq
 .text.__wrap___aeabi_fcmplt
                0x10006a38        0xc CMakeFiles/mbot.dir/__/lib/pico-sdk/src/rp2_common/pico_float/float_aeabi.S.obj
                0x10006a38                __wrap___aeabi_fcmplt
 .text.__wrap___aeabi_fcmpge
                0x10006a44       0x10 CMakeFiles/mbot.dir/__/lib/pico-sdk/src/rp2_common/pico_float/float_aeabi.S.obj
                0x10006a44                __wrap___aeabi_fcmpge
 .text.__wrap___aeabi_fcmpgt
                0x10006a54        0xa CMakeFiles/mbot.dir/__/lib/pico-sdk/src/rp2_common/pico_float/float_aeabi.S.obj
                0x10006a54                __wrap___aeabi_fcmpgt
 *fill*         0x10006a5e        0x2 
 .text.__wrap___aeabi_i2f
                0x10006a60       0x44 CMakeFiles/mbot.dir/__/lib/pico-sdk/src/rp2_common/pico_float/float_aeabi.S.obj
                0x10006a60                __wrap___aeabi_i2f
 .text.__wrap___aeabi_f2d
                0x10006aa4       0x14 CMakeFiles/mbot.dir/__/lib/pico-sdk/src/rp2_common/pico_float/float_aeabi.S.obj
                0x10006aa4                __wrap___aeabi_f2d
 .text.__wrap_srqtf
                0x10006ab8       0x20 CMakeFiles/mbot.dir/__/lib/pico-sdk/src/rp2_common/pico_float/float_aeabi.S.obj
                0x10006ab8                __wrap_sqrtf
 .text.__aeabi_float_init
                0x10006ad8       0x68 CMakeFiles/mbot.dir/__/lib/pico-sdk/src/rp2_common/pico_float/float_init_rom.c.obj
                0x10006ad8                __aeabi_float_init
 .text.float_table_shim_on_use_helper
                0x10006b40       0x2c CMakeFiles/mbot.dir/__/lib/pico-sdk/src/rp2_common/pico_float/float_v1_rom_shim.S.obj
                0x10006b40                float_table_shim_on_use_helper
 .text.float2double_shim
                0x10006b6c       0x30 CMakeFiles/mbot.dir/__/lib/pico-sdk/src/rp2_common/pico_float/float_v1_rom_shim.S.obj
                0x10006b6c                float2double_shim
 .text.__wrap_malloc
                0x10006b9c       0x3c CMakeFiles/mbot.dir/__/lib/pico-sdk/src/rp2_common/pico_malloc/pico_malloc.c.obj
                0x10006b9c                __wrap_malloc
 .text.__wrap_calloc
                0x10006bd8       0x40 CMakeFiles/mbot.dir/__/lib/pico-sdk/src/rp2_common/pico_malloc/pico_malloc.c.obj
                0x10006bd8                __wrap_calloc
 .text.__wrap_free
                0x10006c18       0x20 CMakeFiles/mbot.dir/__/lib/pico-sdk/src/rp2_common/pico_malloc/pico_malloc.c.obj
                0x10006c18                __wrap_free
 .text          0x10006c38       0x10 CMakeFiles/mbot.dir/__/lib/pico-sdk/src/rp2_common/pico_mem_ops/mem_ops_aeabi.S.obj
                0x10006c38                __aeabi_mem_init
 .text.memset   0x10006c48        0xc CMakeFiles/mbot.dir/__/lib/pico-sdk/src/rp2_common/pico_mem_ops/mem_ops_aeabi.S.obj
                0x10006c48                __wrap_memset
 .text.memcpy   0x10006c54        0xc CMakeFiles/mbot.dir/__/lib/pico-sdk/src/rp2_common/pico_mem_ops/mem_ops_aeabi.S.obj
                0x10006c54                __wrap___aeabi_memcpy
                0x10006c54                __wrap_memcpy
 .text.stdio_out_chars_no_crlf
                0x10006c60       0x10 CMakeFiles/mbot.dir/__/lib/pico-sdk/src/rp2_common/pico_stdio/stdio.c.obj
 .text.stdio_out_chars_crlf
                0x10006c70       0xac CMakeFiles/mbot.dir/__/lib/pico-sdk/src/rp2_common/pico_stdio/stdio.c.obj
 .text.stdio_stack_buffer_flush.part.1
                0x10006d1c       0xe8 CMakeFiles/mbot.dir/__/lib/pico-sdk/src/rp2_common/pico_stdio/stdio.c.obj
 .text.stdio_buffered_printer
                0x10006e04       0x20 CMakeFiles/mbot.dir/__/lib/pico-sdk/src/rp2_common/pico_stdio/stdio.c.obj
 .text.stdio_put_string
                0x10006e24       0xf8 CMakeFiles/mbot.dir/__/lib/pico-sdk/src/rp2_common/pico_stdio/stdio.c.obj
 .text.__wrap_putchar
                0x10006f1c       0xa4 CMakeFiles/mbot.dir/__/lib/pico-sdk/src/rp2_common/pico_stdio/stdio.c.obj
                0x10006f1c                __wrap_putchar
 .text.__wrap_puts
                0x10006fc0       0x3c CMakeFiles/mbot.dir/__/lib/pico-sdk/src/rp2_common/pico_stdio/stdio.c.obj
                0x10006fc0                __wrap_puts
 .text._read    0x10006ffc       0x94 CMakeFiles/mbot.dir/__/lib/pico-sdk/src/rp2_common/pico_stdio/stdio.c.obj
                0x10006ffc                _read
 .text._write   0x10007090       0x24 CMakeFiles/mbot.dir/__/lib/pico-sdk/src/rp2_common/pico_stdio/stdio.c.obj
                0x10007090                _write
 .text.stdio_set_driver_enabled
                0x100070b4       0x30 CMakeFiles/mbot.dir/__/lib/pico-sdk/src/rp2_common/pico_stdio/stdio.c.obj
                0x100070b4                stdio_set_driver_enabled
 .text.__wrap_vprintf
                0x100070e4       0x98 CMakeFiles/mbot.dir/__/lib/pico-sdk/src/rp2_common/pico_stdio/stdio.c.obj
                0x100070e4                __wrap_vprintf
 .text.__wrap_printf
                0x1000717c       0x18 CMakeFiles/mbot.dir/__/lib/pico-sdk/src/rp2_common/pico_stdio/stdio.c.obj
                0x1000717c                __wrap_printf
 .text.stdio_init_all
                0x10007194        0x8 CMakeFiles/mbot.dir/__/lib/pico-sdk/src/rp2_common/pico_stdio/stdio.c.obj
                0x10007194                stdio_init_all
 .text.resetd_init
                0x1000719c        0x4 CMakeFiles/mbot.dir/__/lib/pico-sdk/src/rp2_common/pico_stdio_usb/reset_interface.c.obj
 .text.resetd_reset
                0x100071a0        0xc CMakeFiles/mbot.dir/__/lib/pico-sdk/src/rp2_common/pico_stdio_usb/reset_interface.c.obj
 .text.resetd_open
                0x100071ac       0x28 CMakeFiles/mbot.dir/__/lib/pico-sdk/src/rp2_common/pico_stdio_usb/reset_interface.c.obj
 .text.resetd_xfer_cb
                0x100071d4        0x4 CMakeFiles/mbot.dir/__/lib/pico-sdk/src/rp2_common/pico_stdio_usb/reset_interface.c.obj
 .text.resetd_control_xfer_cb
                0x100071d8       0x64 CMakeFiles/mbot.dir/__/lib/pico-sdk/src/rp2_common/pico_stdio_usb/reset_interface.c.obj
 .text.usbd_app_driver_get_cb
                0x1000723c        0xc CMakeFiles/mbot.dir/__/lib/pico-sdk/src/rp2_common/pico_stdio_usb/reset_interface.c.obj
                0x1000723c                usbd_app_driver_get_cb
 .text.tud_cdc_line_coding_cb
                0x10007248       0x34 CMakeFiles/mbot.dir/__/lib/pico-sdk/src/rp2_common/pico_stdio_usb/reset_interface.c.obj
                0x10007248                tud_cdc_line_coding_cb
 .text.stdio_usb_in_chars
                0x1000727c       0x68 CMakeFiles/mbot.dir/__/lib/pico-sdk/src/rp2_common/pico_stdio_usb/stdio_usb.c.obj
                0x1000727c                stdio_usb_in_chars
 .text.stdio_usb_out_chars
                0x100072e4       0xf0 CMakeFiles/mbot.dir/__/lib/pico-sdk/src/rp2_common/pico_stdio_usb/stdio_usb.c.obj
 .text.timer_task
                0x100073d4       0x18 CMakeFiles/mbot.dir/__/lib/pico-sdk/src/rp2_common/pico_stdio_usb/stdio_usb.c.obj
 .text.usb_irq  0x100073ec       0x10 CMakeFiles/mbot.dir/__/lib/pico-sdk/src/rp2_common/pico_stdio_usb/stdio_usb.c.obj
 .text.low_priority_worker_irq
                0x100073fc       0x24 CMakeFiles/mbot.dir/__/lib/pico-sdk/src/rp2_common/pico_stdio_usb/stdio_usb.c.obj
 .text.stdio_usb_in_chars_itf
                0x10007420       0x6c CMakeFiles/mbot.dir/__/lib/pico-sdk/src/rp2_common/pico_stdio_usb/stdio_usb.c.obj
                0x10007420                stdio_usb_in_chars_itf
 .text.stdio_usb_out_chars_itf
                0x1000748c       0xf8 CMakeFiles/mbot.dir/__/lib/pico-sdk/src/rp2_common/pico_stdio_usb/stdio_usb.c.obj
                0x1000748c                stdio_usb_out_chars_itf
 .text.stdio_usb_init
                0x10007584       0xac CMakeFiles/mbot.dir/__/lib/pico-sdk/src/rp2_common/pico_stdio_usb/stdio_usb.c.obj
                0x10007584                stdio_usb_init
 .text.tud_descriptor_device_cb
                0x10007630        0x8 CMakeFiles/mbot.dir/__/lib/pico-sdk/src/rp2_common/pico_stdio_usb/stdio_usb_descriptors.c.obj
                0x10007630                tud_descriptor_device_cb
 .text.tud_descriptor_configuration_cb
                0x10007638        0x8 CMakeFiles/mbot.dir/__/lib/pico-sdk/src/rp2_common/pico_stdio_usb/stdio_usb_descriptors.c.obj
                0x10007638                tud_descriptor_configuration_cb
 .text.tud_descriptor_string_cb
                0x10007640       0x70 CMakeFiles/mbot.dir/__/lib/pico-sdk/src/rp2_common/pico_stdio_usb/stdio_usb_descriptors.c.obj
                0x10007640                tud_descriptor_string_cb
 .text.dcd_rp2040_irq
                0x100076b0      0x21c CMakeFiles/mbot.dir/__/lib/pico-sdk/lib/tinyusb/src/portable/raspberrypi/rp2040/dcd_rp2040.c.obj
 .text.dcd_int_enable
                0x100078cc        0xc CMakeFiles/mbot.dir/__/lib/pico-sdk/lib/tinyusb/src/portable/raspberrypi/rp2040/dcd_rp2040.c.obj
                0x100078cc                dcd_int_enable
 .text.dcd_set_address
                0x100078d8       0x14 CMakeFiles/mbot.dir/__/lib/pico-sdk/lib/tinyusb/src/portable/raspberrypi/rp2040/dcd_rp2040.c.obj
                0x100078d8                dcd_set_address
 .text.dcd_connect
                0x100078ec       0x10 CMakeFiles/mbot.dir/__/lib/pico-sdk/lib/tinyusb/src/portable/raspberrypi/rp2040/dcd_rp2040.c.obj
                0x100078ec                dcd_connect
 .text.dcd_init
                0x100078fc      0x144 CMakeFiles/mbot.dir/__/lib/pico-sdk/lib/tinyusb/src/portable/raspberrypi/rp2040/dcd_rp2040.c.obj
                0x100078fc                dcd_init
 .text.dcd_edpt0_status_complete
                0x10007a40       0x1c CMakeFiles/mbot.dir/__/lib/pico-sdk/lib/tinyusb/src/portable/raspberrypi/rp2040/dcd_rp2040.c.obj
                0x10007a40                dcd_edpt0_status_complete
 .text.dcd_edpt_open
                0x10007a5c       0xe4 CMakeFiles/mbot.dir/__/lib/pico-sdk/lib/tinyusb/src/portable/raspberrypi/rp2040/dcd_rp2040.c.obj
                0x10007a5c                dcd_edpt_open
 .text.dcd_edpt_close_all
                0x10007b40       0xbc CMakeFiles/mbot.dir/__/lib/pico-sdk/lib/tinyusb/src/portable/raspberrypi/rp2040/dcd_rp2040.c.obj
                0x10007b40                dcd_edpt_close_all
 .text.dcd_edpt_xfer
                0x10007bfc       0x24 CMakeFiles/mbot.dir/__/lib/pico-sdk/lib/tinyusb/src/portable/raspberrypi/rp2040/dcd_rp2040.c.obj
                0x10007bfc                dcd_edpt_xfer
 .text.dcd_edpt_stall
                0x10007c20       0x34 CMakeFiles/mbot.dir/__/lib/pico-sdk/lib/tinyusb/src/portable/raspberrypi/rp2040/dcd_rp2040.c.obj
                0x10007c20                dcd_edpt_stall
 .text.dcd_edpt_clear_stall
                0x10007c54       0x2c CMakeFiles/mbot.dir/__/lib/pico-sdk/lib/tinyusb/src/portable/raspberrypi/rp2040/dcd_rp2040.c.obj
                0x10007c54                dcd_edpt_clear_stall
 .text._hw_endpoint_buffer_control_update32.part.2
                0x10007c80       0x20 CMakeFiles/mbot.dir/__/lib/pico-sdk/lib/tinyusb/src/portable/raspberrypi/rp2040/rp2040_usb.c.obj
 .text.rp2040_usb_init
                0x10007ca0       0x4c CMakeFiles/mbot.dir/__/lib/pico-sdk/lib/tinyusb/src/portable/raspberrypi/rp2040/rp2040_usb.c.obj
                0x10007ca0                rp2040_usb_init
 .text.hw_endpoint_reset_transfer
                0x10007cec        0xc CMakeFiles/mbot.dir/__/lib/pico-sdk/lib/tinyusb/src/portable/raspberrypi/rp2040/rp2040_usb.c.obj
                0x10007cec                hw_endpoint_reset_transfer
 .text._hw_endpoint_buffer_control_update32
                0x10007cf8       0x40 CMakeFiles/mbot.dir/__/lib/pico-sdk/lib/tinyusb/src/portable/raspberrypi/rp2040/rp2040_usb.c.obj
                0x10007cf8                _hw_endpoint_buffer_control_update32
 .text.hw_endpoint_xfer_start
                0x10007d38      0x138 CMakeFiles/mbot.dir/__/lib/pico-sdk/lib/tinyusb/src/portable/raspberrypi/rp2040/rp2040_usb.c.obj
                0x10007d38                hw_endpoint_xfer_start
 .text.hw_endpoint_xfer_continue
                0x10007e70      0x1e0 CMakeFiles/mbot.dir/__/lib/pico-sdk/lib/tinyusb/src/portable/raspberrypi/rp2040/rp2040_usb.c.obj
                0x10007e70                hw_endpoint_xfer_continue
 .text.tud_mounted
                0x10008050       0x10 CMakeFiles/mbot.dir/__/lib/pico-sdk/lib/tinyusb/src/device/usbd.c.obj
                0x10008050                tud_mounted
 .text.tud_suspended
                0x10008060       0x10 CMakeFiles/mbot.dir/__/lib/pico-sdk/lib/tinyusb/src/device/usbd.c.obj
                0x10008060                tud_suspended
 .text.tud_inited
                0x10008070        0xc CMakeFiles/mbot.dir/__/lib/pico-sdk/lib/tinyusb/src/device/usbd.c.obj
                0x10008070                tud_inited
 .text.tud_init
                0x1000807c       0xd4 CMakeFiles/mbot.dir/__/lib/pico-sdk/lib/tinyusb/src/device/usbd.c.obj
                0x1000807c                tud_init
 .text.tud_task
                0x10008150      0x928 CMakeFiles/mbot.dir/__/lib/pico-sdk/lib/tinyusb/src/device/usbd.c.obj
                0x10008150                tud_task
 .text.dcd_event_bus_signal
                0x10008a78      0x124 CMakeFiles/mbot.dir/__/lib/pico-sdk/lib/tinyusb/src/device/usbd.c.obj
                0x10008a78                dcd_event_bus_signal
 .text.dcd_event_bus_reset
                0x10008b9c       0x58 CMakeFiles/mbot.dir/__/lib/pico-sdk/lib/tinyusb/src/device/usbd.c.obj
                0x10008b9c                dcd_event_bus_reset
 .text.dcd_event_setup_received
                0x10008bf4       0x50 CMakeFiles/mbot.dir/__/lib/pico-sdk/lib/tinyusb/src/device/usbd.c.obj
                0x10008bf4                dcd_event_setup_received
 .text.dcd_event_xfer_complete
                0x10008c44       0x68 CMakeFiles/mbot.dir/__/lib/pico-sdk/lib/tinyusb/src/device/usbd.c.obj
                0x10008c44                dcd_event_xfer_complete
 .text.usbd_open_edpt_pair
                0x10008cac       0x9c CMakeFiles/mbot.dir/__/lib/pico-sdk/lib/tinyusb/src/device/usbd.c.obj
                0x10008cac                usbd_open_edpt_pair
 .text.usbd_edpt_open
                0x10008d48       0x30 CMakeFiles/mbot.dir/__/lib/pico-sdk/lib/tinyusb/src/device/usbd.c.obj
                0x10008d48                usbd_edpt_open
 .text.usbd_edpt_claim
                0x10008d78       0x60 CMakeFiles/mbot.dir/__/lib/pico-sdk/lib/tinyusb/src/device/usbd.c.obj
                0x10008d78                usbd_edpt_claim
 .text.usbd_edpt_release
                0x10008dd8       0x4c CMakeFiles/mbot.dir/__/lib/pico-sdk/lib/tinyusb/src/device/usbd.c.obj
                0x10008dd8                usbd_edpt_release
 .text.usbd_edpt_xfer
                0x10008e24       0x48 CMakeFiles/mbot.dir/__/lib/pico-sdk/lib/tinyusb/src/device/usbd.c.obj
                0x10008e24                usbd_edpt_xfer
 .text.tud_control_status
                0x10008e6c       0x30 CMakeFiles/mbot.dir/__/lib/pico-sdk/lib/tinyusb/src/device/usbd_control.c.obj
                0x10008e6c                tud_control_status
 .text.tud_control_xfer
                0x10008e9c       0xb4 CMakeFiles/mbot.dir/__/lib/pico-sdk/lib/tinyusb/src/device/usbd_control.c.obj
                0x10008e9c                tud_control_xfer
 .text.usbd_control_reset
                0x10008f50       0x14 CMakeFiles/mbot.dir/__/lib/pico-sdk/lib/tinyusb/src/device/usbd_control.c.obj
                0x10008f50                usbd_control_reset
 .text.usbd_control_set_complete_callback
                0x10008f64        0xc CMakeFiles/mbot.dir/__/lib/pico-sdk/lib/tinyusb/src/device/usbd_control.c.obj
                0x10008f64                usbd_control_set_complete_callback
 .text.usbd_control_set_request
                0x10008f70       0x1c CMakeFiles/mbot.dir/__/lib/pico-sdk/lib/tinyusb/src/device/usbd_control.c.obj
                0x10008f70                usbd_control_set_request
 .text.usbd_control_xfer_cb
                0x10008f8c       0xfc CMakeFiles/mbot.dir/__/lib/pico-sdk/lib/tinyusb/src/device/usbd_control.c.obj
                0x10008f8c                usbd_control_xfer_cb
 .text.tud_cdc_n_connected
                0x10009088       0x30 CMakeFiles/mbot.dir/__/lib/pico-sdk/lib/tinyusb/src/class/cdc/cdc_device.c.obj
                0x10009088                tud_cdc_n_connected
 .text.tud_cdc_n_available
                0x100090b8       0x18 CMakeFiles/mbot.dir/__/lib/pico-sdk/lib/tinyusb/src/class/cdc/cdc_device.c.obj
                0x100090b8                tud_cdc_n_available
 .text.tud_cdc_n_read
                0x100090d0       0x70 CMakeFiles/mbot.dir/__/lib/pico-sdk/lib/tinyusb/src/class/cdc/cdc_device.c.obj
                0x100090d0                tud_cdc_n_read
 .text.tud_cdc_n_write_flush
                0x10009140       0x78 CMakeFiles/mbot.dir/__/lib/pico-sdk/lib/tinyusb/src/class/cdc/cdc_device.c.obj
                0x10009140                tud_cdc_n_write_flush
 .text.tud_cdc_n_write
                0x100091b8       0x34 CMakeFiles/mbot.dir/__/lib/pico-sdk/lib/tinyusb/src/class/cdc/cdc_device.c.obj
                0x100091b8                tud_cdc_n_write
 .text.tud_cdc_n_write_available
                0x100091ec       0x18 CMakeFiles/mbot.dir/__/lib/pico-sdk/lib/tinyusb/src/class/cdc/cdc_device.c.obj
                0x100091ec                tud_cdc_n_write_available
 .text.cdcd_init
                0x10009204      0x118 CMakeFiles/mbot.dir/__/lib/pico-sdk/lib/tinyusb/src/class/cdc/cdc_device.c.obj
                0x10009204                cdcd_init
 .text.cdcd_reset
                0x1000931c       0x5c CMakeFiles/mbot.dir/__/lib/pico-sdk/lib/tinyusb/src/class/cdc/cdc_device.c.obj
                0x1000931c                cdcd_reset
 .text.cdcd_open
                0x10009378      0x140 CMakeFiles/mbot.dir/__/lib/pico-sdk/lib/tinyusb/src/class/cdc/cdc_device.c.obj
                0x10009378                cdcd_open
 .text.cdcd_control_xfer_cb
                0x100094b8       0xf4 CMakeFiles/mbot.dir/__/lib/pico-sdk/lib/tinyusb/src/class/cdc/cdc_device.c.obj
                0x100094b8                cdcd_control_xfer_cb
 .text.cdcd_xfer_cb
                0x100095ac      0x180 CMakeFiles/mbot.dir/__/lib/pico-sdk/lib/tinyusb/src/class/cdc/cdc_device.c.obj
                0x100095ac                cdcd_xfer_cb
 .text.tusb_init
                0x1000972c        0xc CMakeFiles/mbot.dir/__/lib/pico-sdk/lib/tinyusb/src/tusb.c.obj
                0x1000972c                tusb_init
 .text.tusb_inited
                0x10009738        0x8 CMakeFiles/mbot.dir/__/lib/pico-sdk/lib/tinyusb/src/tusb.c.obj
                0x10009738                tusb_inited
 .text.tu_edpt_validate
                0x10009740       0x74 CMakeFiles/mbot.dir/__/lib/pico-sdk/lib/tinyusb/src/tusb.c.obj
                0x10009740                tu_edpt_validate
 .text.tu_edpt_bind_driver
                0x100097b4       0x2c CMakeFiles/mbot.dir/__/lib/pico-sdk/lib/tinyusb/src/tusb.c.obj
                0x100097b4                tu_edpt_bind_driver
 .text.tu_fifo_config
                0x100097e0       0x78 CMakeFiles/mbot.dir/__/lib/pico-sdk/lib/tinyusb/src/common/tusb_fifo.c.obj
                0x100097e0                tu_fifo_config
 .text.tu_fifo_count
                0x10009858       0x24 CMakeFiles/mbot.dir/__/lib/pico-sdk/lib/tinyusb/src/common/tusb_fifo.c.obj
                0x10009858                tu_fifo_count
 .text.tu_fifo_empty
                0x1000987c       0x10 CMakeFiles/mbot.dir/__/lib/pico-sdk/lib/tinyusb/src/common/tusb_fifo.c.obj
                0x1000987c                tu_fifo_empty
 .text.tu_fifo_remaining
                0x1000988c       0x20 CMakeFiles/mbot.dir/__/lib/pico-sdk/lib/tinyusb/src/common/tusb_fifo.c.obj
                0x1000988c                tu_fifo_remaining
 .text.tu_fifo_read
                0x100098ac       0xa0 CMakeFiles/mbot.dir/__/lib/pico-sdk/lib/tinyusb/src/common/tusb_fifo.c.obj
                0x100098ac                tu_fifo_read
 .text.tu_fifo_read_n
                0x1000994c       0xf8 CMakeFiles/mbot.dir/__/lib/pico-sdk/lib/tinyusb/src/common/tusb_fifo.c.obj
                0x1000994c                tu_fifo_read_n
 .text.tu_fifo_write
                0x10009a44       0x80 CMakeFiles/mbot.dir/__/lib/pico-sdk/lib/tinyusb/src/common/tusb_fifo.c.obj
                0x10009a44                tu_fifo_write
 .text.tu_fifo_write_n
                0x10009ac4       0xfc CMakeFiles/mbot.dir/__/lib/pico-sdk/lib/tinyusb/src/common/tusb_fifo.c.obj
                0x10009ac4                tu_fifo_write_n
 .text.tu_fifo_clear
                0x10009bc0       0x4c CMakeFiles/mbot.dir/__/lib/pico-sdk/lib/tinyusb/src/common/tusb_fifo.c.obj
                0x10009bc0                tu_fifo_clear
 .text.tu_fifo_set_overwritable
                0x10009c0c       0x3c CMakeFiles/mbot.dir/__/lib/pico-sdk/lib/tinyusb/src/common/tusb_fifo.c.obj
                0x10009c0c                tu_fifo_set_overwritable
 .text.startup._retrieve_unique_id_on_boot
                0x10009c48       0x10 CMakeFiles/mbot.dir/__/lib/pico-sdk/src/rp2_common/pico_unique_id/unique_id.c.obj
 .text.pico_get_unique_board_id_string
                0x10009c58      0x1cc CMakeFiles/mbot.dir/__/lib/pico-sdk/src/rp2_common/pico_unique_id/unique_id.c.obj
                0x10009c58                pico_get_unique_board_id_string
 .text.flash_get_unique_id
                0x10009e24       0x3c CMakeFiles/mbot.dir/__/lib/pico-sdk/src/rp2_common/hardware_flash/flash.c.obj
                0x10009e24                flash_get_unique_id
 .text.core1_trampoline
                0x10009e60        0x4 CMakeFiles/mbot.dir/__/lib/pico-sdk/src/rp2_common/pico_multicore/multicore.c.obj
 .text.core1_wrapper
                0x10009e64        0xc CMakeFiles/mbot.dir/__/lib/pico-sdk/src/rp2_common/pico_multicore/multicore.c.obj
                0x10009e64                core1_wrapper
 .text.multicore_launch_core1
                0x10009e70       0xc0 CMakeFiles/mbot.dir/__/lib/pico-sdk/src/rp2_common/pico_multicore/multicore.c.obj
                0x10009e70                multicore_launch_core1
 .text.i2c_init
                0x10009f30      0x108 CMakeFiles/mbot.dir/__/lib/pico-sdk/src/rp2_common/hardware_i2c/i2c.c.obj
                0x10009f30                i2c_init
 .text.i2c_write_blocking
                0x1000a038       0xd4 CMakeFiles/mbot.dir/__/lib/pico-sdk/src/rp2_common/hardware_i2c/i2c.c.obj
                0x1000a038                i2c_write_blocking
 .text.i2c_read_blocking
                0x1000a10c       0x9c CMakeFiles/mbot.dir/__/lib/pico-sdk/src/rp2_common/hardware_i2c/i2c.c.obj
                0x1000a10c                i2c_read_blocking
 .text.pio_claim_unused_sm
                0x1000a1a8       0x3c CMakeFiles/mbot.dir/__/lib/pico-sdk/src/rp2_common/hardware_pio/pio.c.obj
                0x1000a1a8                pio_claim_unused_sm
 .text.pio_sm_is_claimed
                0x1000a1e4       0x20 CMakeFiles/mbot.dir/__/lib/pico-sdk/src/rp2_common/hardware_pio/pio.c.obj
                0x1000a1e4                pio_sm_is_claimed
 .text.pio_add_program
                0x1000a204       0xc8 CMakeFiles/mbot.dir/__/lib/pico-sdk/src/rp2_common/hardware_pio/pio.c.obj
                0x1000a204                pio_add_program
 .text.pio_sm_set_consecutive_pindirs
                0x1000a2cc       0x88 CMakeFiles/mbot.dir/__/lib/pico-sdk/src/rp2_common/hardware_pio/pio.c.obj
                0x1000a2cc                pio_sm_set_consecutive_pindirs
 .text.pio_sm_init
                0x1000a354       0x90 CMakeFiles/mbot.dir/__/lib/pico-sdk/src/rp2_common/hardware_pio/pio.c.obj
                0x1000a354                pio_sm_init
 .text.rc_filter_empty
                0x1000a3e4       0x1c ../rc/librclib.a(filter.c.obj)
                0x1000a3e4                rc_filter_empty
 .text.rc_filter_free
                0x1000a400       0x70 ../rc/librclib.a(filter.c.obj)
                0x1000a400                rc_filter_free
 .text.rc_filter_alloc
                0x1000a470      0x1c0 ../rc/librclib.a(filter.c.obj)
                0x1000a470                rc_filter_alloc
 .text.rc_filter_march
                0x1000a630      0x2c0 ../rc/librclib.a(filter.c.obj)
                0x1000a630                rc_filter_march
 .text.rc_filter_enable_saturation
                0x1000a8f0       0x6c ../rc/librclib.a(filter.c.obj)
                0x1000a8f0                rc_filter_enable_saturation
 .text.rc_filter_prefill_inputs
                0x1000a95c       0x60 ../rc/librclib.a(filter.c.obj)
                0x1000a95c                rc_filter_prefill_inputs
 .text.rc_filter_prefill_outputs
                0x1000a9bc       0x60 ../rc/librclib.a(filter.c.obj)
                0x1000a9bc                rc_filter_prefill_outputs
 .text.rc_filter_first_order_lowpass
                0x1000aa1c      0x1f8 ../rc/librclib.a(filter.c.obj)
                0x1000aa1c                rc_filter_first_order_lowpass
 .text.rc_filter_first_order_highpass
                0x1000ac14      0x20c ../rc/librclib.a(filter.c.obj)
                0x1000ac14                rc_filter_first_order_highpass
 .text.rc_filter_moving_average
                0x1000ae20      0x124 ../rc/librclib.a(filter.c.obj)
                0x1000ae20                rc_filter_moving_average
 .text.rc_filter_pid
                0x1000af44      0x3e8 ../rc/librclib.a(filter.c.obj)
                0x1000af44                rc_filter_pid
 .text.rc_ringbuf_alloc
                0x1000b32c       0x9c ../rc/librclib.a(ring_buffer.c.obj)
                0x1000b32c                rc_ringbuf_alloc
 .text.rc_ringbuf_free
                0x1000b3c8       0x54 ../rc/librclib.a(ring_buffer.c.obj)
                0x1000b3c8                rc_ringbuf_free
 .text.rc_ringbuf_insert
                0x1000b41c       0x6c ../rc/librclib.a(ring_buffer.c.obj)
                0x1000b41c                rc_ringbuf_insert
 .text.rc_ringbuf_get_value
                0x1000b488       0x84 ../rc/librclib.a(ring_buffer.c.obj)
                0x1000b488                rc_ringbuf_get_value
 .text.rc_vector_alloc
                0x1000b50c       0x90 ../rc/librclib.a(vector.c.obj)
                0x1000b50c                rc_vector_alloc
 .text.rc_vector_free
                0x1000b59c       0x40 ../rc/librclib.a(vector.c.obj)
                0x1000b59c                rc_vector_free
 .text.rc_vector_empty
                0x1000b5dc        0xc ../rc/librclib.a(vector.c.obj)
                0x1000b5dc                rc_vector_empty
 .text.rc_vector_from_array
                0x1000b5e8       0xc4 ../rc/librclib.a(vector.c.obj)
                0x1000b5e8                rc_vector_from_array
 .text.rc_vector_duplicate
                0x1000b6ac       0xcc ../rc/librclib.a(vector.c.obj)
                0x1000b6ac                rc_vector_duplicate
 .text.rc_vector_std_dev
                0x1000b778       0xd8 ../rc/librclib.a(vector.c.obj)
                0x1000b778                rc_vector_std_dev
 .text.rc_motor_set
                0x1000b850      0x1c4 ../rc/librclib.a(motor.c.obj)
                0x1000b850                rc_motor_set
 .text.rc_motor_init
                0x1000ba14      0x134 ../rc/librclib.a(motor.c.obj)
                0x1000ba14                rc_motor_init
 .text.rc_encoder_init
                0x1000bb48      0x340 ../rc/librclib.a(encoder.c.obj)
                0x1000bb48                rc_encoder_init
 .text.rc_encoder_read_delta
                0x1000be88       0xb0 ../rc/librclib.a(encoder.c.obj)
                0x1000be88                rc_encoder_read_delta
 .text.rc_encoder_read_count
                0x1000bf38       0x60 ../rc/librclib.a(encoder.c.obj)
                0x1000bf38                rc_encoder_read_count
 .text.rc_encoder_write
                0x1000bf98       0x54 ../rc/librclib.a(encoder.c.obj)
                0x1000bf98                rc_encoder_write
 .text.__mag_correct_orientation
                0x1000bfec      0x180 ../rc/librclib.a(mpu.c.obj)
 .text.__mpu_write_mem
                0x1000c16c       0xc8 ../rc/librclib.a(mpu.c.obj)
 .text.__mpu_set_bypass.constprop.12
                0x1000c234       0x6c ../rc/librclib.a(mpu.c.obj)
 .text.__mpu_reset_fifo
                0x1000c2a0      0x118 ../rc/librclib.a(mpu.c.obj)
 .text.__init_magnetometer.isra.5
                0x1000c3b8      0x1fc ../rc/librclib.a(mpu.c.obj)
 .text.mb_mpu_default_config
                0x1000c5b4       0x44 ../rc/librclib.a(mpu.c.obj)
                0x1000c5b4                mb_mpu_default_config
 .text.mb_mpu_read_mag
                0x1000c5f8      0x1bc ../rc/librclib.a(mpu.c.obj)
                0x1000c5f8                mb_mpu_read_mag
 .text.mb_mpu_initialize_dmp
                0x1000c7b4     0x1390 ../rc/librclib.a(mpu.c.obj)
                0x1000c7b4                mb_mpu_initialize_dmp
 .text.mb_mpu_reset_accel_cal
                0x1000db44       0x4c ../rc/librclib.a(mpu.c.obj)
                0x1000db44                mb_mpu_reset_accel_cal
 .text.mb_mpu_calibrate_gyro_routine
                0x1000db90      0x6d0 ../rc/librclib.a(mpu.c.obj)
                0x1000db90                mb_mpu_calibrate_gyro_routine
 .text.mb_dmp_callback
                0x1000e260      0x840 ../rc/librclib.a(mpu.c.obj)
                0x1000e260                mb_dmp_callback
 .text.mb_read_fram
                0x1000eaa0       0x44 ../rc/librclib.a(fram.c.obj)
                0x1000eaa0                mb_read_fram
 .text.mb_write_fram
                0x1000eae4       0x58 ../rc/librclib.a(fram.c.obj)
                0x1000eae4                mb_write_fram
 .text.rc_normalize_quaternion_array
                0x1000eb3c       0xec ../rc/librclib.a(quaternion.c.obj)
                0x1000eb3c                rc_normalize_quaternion_array
 .text.rc_quaternion_to_tb_array
                0x1000ec28      0x1a0 ../rc/librclib.a(quaternion.c.obj)
                0x1000ec28                rc_quaternion_to_tb_array
 .text.rc_quaternion_from_tb_array
                0x1000edc8      0x1c4 ../rc/librclib.a(quaternion.c.obj)
                0x1000edc8                rc_quaternion_from_tb_array
 .text.rc_quaternion_multiply_array
                0x1000ef8c      0x268 ../rc/librclib.a(quaternion.c.obj)
                0x1000ef8c                rc_quaternion_multiply_array
 .text.rc_quaternion_rotate_vector_array
                0x1000f1f4      0x290 ../rc/librclib.a(quaternion.c.obj)
                0x1000f1f4                rc_quaternion_rotate_vector_array
 .text.comms_init_protocol
                0x1000f484       0x18 ../comms/libcomms.a(protocol.c.obj)
                0x1000f484                comms_init_protocol
 .text.comms_get_topic_serializers
                0x1000f49c       0xdc ../comms/libcomms.a(protocol.c.obj)
                0x1000f49c                comms_get_topic_serializers
 .text.comms_register_topic
                0x1000f578       0x84 ../comms/libcomms.a(protocol.c.obj)
                0x1000f578                comms_register_topic
 .text.comms_write_topic
                0x1000f5fc      0x13c ../comms/libcomms.a(protocol.c.obj)
                0x1000f5fc                comms_write_topic
 .text.comms_listener_loop
                0x1000f738      0x158 ../comms/libcomms.a(listener.c.obj)
                0x1000f738                comms_listener_loop
 .text.comms_init_topic_data
                0x1000f890       0x18 ../comms/libcomms.a(topic_data.c.obj)
                0x1000f890                comms_init_topic_data
 .text.comms_get_topic_data
                0x1000f8a8      0x1ec ../comms/libcomms.a(topic_data.c.obj)
                0x1000f8a8                comms_get_topic_data
 .text.comms_set_topic_data
                0x1000fa94       0xa8 ../comms/libcomms.a(topic_data.c.obj)
                0x1000fa94                comms_set_topic_data
 .text.timestamp_t_deserialize
                0x1000fb3c       0x14 ../comms/libcomms.a(messages_mb.c.obj)
                0x1000fb3c                timestamp_t_deserialize
 .text.timestamp_t_serialize
                0x1000fb50       0x14 ../comms/libcomms.a(messages_mb.c.obj)
                0x1000fb50                timestamp_t_serialize
 .text.odometry_t_deserialize
                0x1000fb64       0x14 ../comms/libcomms.a(messages_mb.c.obj)
                0x1000fb64                odometry_t_deserialize
 .text.odometry_t_serialize
                0x1000fb78       0x14 ../comms/libcomms.a(messages_mb.c.obj)
                0x1000fb78                odometry_t_serialize
 .text.mbot_imu_t_deserialize
                0x1000fb8c       0x14 ../comms/libcomms.a(messages_mb.c.obj)
                0x1000fb8c                mbot_imu_t_deserialize
 .text.mbot_imu_t_serialize
                0x1000fba0       0x14 ../comms/libcomms.a(messages_mb.c.obj)
                0x1000fba0                mbot_imu_t_serialize
 .text.mbot_encoder_t_deserialize
                0x1000fbb4       0x14 ../comms/libcomms.a(messages_mb.c.obj)
                0x1000fbb4                mbot_encoder_t_deserialize
 .text.mbot_encoder_t_serialize
                0x1000fbc8       0x14 ../comms/libcomms.a(messages_mb.c.obj)
                0x1000fbc8                mbot_encoder_t_serialize
 .text.mbot_motor_command_t_deserialize
                0x1000fbdc       0x14 ../comms/libcomms.a(messages_mb.c.obj)
                0x1000fbdc                mbot_motor_command_t_deserialize
 .text.mbot_motor_command_t_serialize
                0x1000fbf0       0x14 ../comms/libcomms.a(messages_mb.c.obj)
                0x1000fbf0                mbot_motor_command_t_serialize
 .text.mbot_pid_gains_t_deserialize
                0x1000fc04       0x14 ../comms/libcomms.a(messages_mb.c.obj)
                0x1000fc04                mbot_pid_gains_t_deserialize
 .text.mbot_pid_gains_t_serialize
                0x1000fc18       0x14 ../comms/libcomms.a(messages_mb.c.obj)
                0x1000fc18                mbot_pid_gains_t_serialize
 .text.checksum
                0x1000fc2c       0x1c ../comms/libcomms.a(common.c.obj)
                0x1000fc2c                checksum
 .text.encode_msg
                0x1000fc48      0x14c ../comms/libcomms.a(common.c.obj)
                0x1000fc48                encode_msg
 .text          0x1000fd94       0x18 /usr/lib/gcc/arm-none-eabi/8.3.1/../../../arm-none-eabi/lib/thumb/v6-m/nofp/libc.a(lib_a-calloc.o)
                0x1000fd94                calloc
 .text          0x1000fdac       0x5c /usr/lib/gcc/arm-none-eabi/8.3.1/../../../arm-none-eabi/lib/thumb/v6-m/nofp/libc.a(lib_a-callocr.o)
                0x1000fdac                _calloc_r
 .text          0x1000fe08      0x1b4 /usr/lib/gcc/arm-none-eabi/8.3.1/../../../arm-none-eabi/lib/thumb/v6-m/nofp/libc.a(lib_a-fflush.o)
                0x1000fe08                __sflush_r
                0x1000ff68                _fflush_r
                0x1000ff94                fflush
 .text          0x1000ffbc      0x220 /usr/lib/gcc/arm-none-eabi/8.3.1/../../../arm-none-eabi/lib/thumb/v6-m/nofp/libc.a(lib_a-findfp.o)
                0x1000ffc0                _cleanup_r
                0x100100bc                __sfmoreglue
                0x100100ec                __sfp
                0x10010174                _cleanup
                0x1001018c                __sinit
                0x1001019c                __sfp_lock_acquire
                0x100101a0                __sfp_lock_release
                0x100101a4                __sinit_lock_acquire
                0x100101a8                __sinit_lock_release
                0x100101ac                __fp_lock_all
                0x100101c4                __fp_unlock_all
 .text          0x100101dc      0x27c /usr/lib/gcc/arm-none-eabi/8.3.1/../../../arm-none-eabi/lib/thumb/v6-m/nofp/libc.a(lib_a-freer.o)
                0x100101dc                _malloc_trim_r
                0x1001027c                _free_r
 .text          0x10010458       0x90 /usr/lib/gcc/arm-none-eabi/8.3.1/../../../arm-none-eabi/lib/thumb/v6-m/nofp/libc.a(lib_a-fwalk.o)
                0x10010458                _fwalk
                0x1001049c                _fwalk_reent
 .text          0x100104e8       0x90 /usr/lib/gcc/arm-none-eabi/8.3.1/../../../arm-none-eabi/lib/thumb/v6-m/nofp/libc.a(lib_a-fwrite.o)
                0x100104e8                _fwrite_r
                0x10010558                fwrite
 .text          0x10010578       0x28 /usr/lib/gcc/arm-none-eabi/8.3.1/../../../arm-none-eabi/lib/thumb/v6-m/nofp/libc.a(lib_a-malloc.o)
                0x10010578                malloc
                0x1001058c                free
 .text          0x100105a0      0x58c /usr/lib/gcc/arm-none-eabi/8.3.1/../../../arm-none-eabi/lib/thumb/v6-m/nofp/libc.a(lib_a-mallocr.o)
                0x100105a0                _malloc_r
 .text          0x10010b2c        0x8 /usr/lib/gcc/arm-none-eabi/8.3.1/../../../arm-none-eabi/lib/thumb/v6-m/nofp/libc.a(lib_a-mlock.o)
                0x10010b2c                __malloc_lock
                0x10010b30                __malloc_unlock
 .text          0x10010b34      0x35c /usr/lib/gcc/arm-none-eabi/8.3.1/../../../arm-none-eabi/lib/thumb/v6-m/nofp/libc.a(lib_a-reallocr.o)
                0x10010b34                _realloc_r
 .text          0x10010e90       0x24 /usr/lib/gcc/arm-none-eabi/8.3.1/../../../arm-none-eabi/lib/thumb/v6-m/nofp/libc.a(lib_a-sbrkr.o)
                0x10010e90                _sbrk_r
 .text          0x10010eb4       0xa4 /usr/lib/gcc/arm-none-eabi/8.3.1/../../../arm-none-eabi/lib/thumb/v6-m/nofp/libc.a(lib_a-stdio.o)
                0x10010eb4                __sread
                0x10010edc                __seofread
                0x10010ee0                __swrite
                0x10010f20                __sseek
                0x10010f4c                __sclose
 .text          0x10010f58       0x68 /usr/lib/gcc/arm-none-eabi/8.3.1/../../../arm-none-eabi/lib/thumb/v6-m/nofp/libc.a(lib_a-strlen-stub.o)
                0x10010f58                strlen
 .text          0x10010fc0       0x28 /usr/lib/gcc/arm-none-eabi/8.3.1/../../../arm-none-eabi/lib/thumb/v6-m/nofp/libc.a(lib_a-writer.o)
                0x10010fc0                _write_r
 .text          0x10010fe8       0xdc /usr/lib/gcc/arm-none-eabi/8.3.1/../../../arm-none-eabi/lib/thumb/v6-m/nofp/libc.a(lib_a-wsetup.o)
                0x10010fe8                __swsetup_r
 .text          0x100110c4       0x24 /usr/lib/gcc/arm-none-eabi/8.3.1/../../../arm-none-eabi/lib/thumb/v6-m/nofp/libc.a(lib_a-closer.o)
                0x100110c4                _close_r
 .text          0x100110e8       0xac /usr/lib/gcc/arm-none-eabi/8.3.1/../../../arm-none-eabi/lib/thumb/v6-m/nofp/libc.a(lib_a-fclose.o)
                0x100110e8                _fclose_r
                0x10011180                fclose
 .text          0x10011194      0x320 /usr/lib/gcc/arm-none-eabi/8.3.1/../../../arm-none-eabi/lib/thumb/v6-m/nofp/libc.a(lib_a-fvwrite.o)
                0x10011194                __sfvwrite_r
 .text          0x100114b4       0x28 /usr/lib/gcc/arm-none-eabi/8.3.1/../../../arm-none-eabi/lib/thumb/v6-m/nofp/libc.a(lib_a-lseekr.o)
                0x100114b4                _lseek_r
 .text          0x100114dc       0xf0 /usr/lib/gcc/arm-none-eabi/8.3.1/../../../arm-none-eabi/lib/thumb/v6-m/nofp/libc.a(lib_a-makebuf.o)
                0x100114dc                __swhatbuf_r
                0x1001153c                __smakebuf_r
 .text          0x100115cc       0x28 /usr/lib/gcc/arm-none-eabi/8.3.1/../../../arm-none-eabi/lib/thumb/v6-m/nofp/libc.a(lib_a-readr.o)
                0x100115cc                _read_r
 .text          0x100115f4       0x28 /usr/lib/gcc/arm-none-eabi/8.3.1/../../../arm-none-eabi/lib/thumb/v6-m/nofp/libc.a(lib_a-fstatr.o)
                0x100115f4                _fstat_r
 .text          0x1001161c       0x24 /usr/lib/gcc/arm-none-eabi/8.3.1/../../../arm-none-eabi/lib/thumb/v6-m/nofp/libc.a(lib_a-isattyr.o)
                0x1001161c                _isatty_r
 .text          0x10011640       0x10 /usr/lib/gcc/arm-none-eabi/8.3.1/../../../arm-none-eabi/lib/thumb/v6-m/nofp/libnosys.a(close.o)
                0x10011640                _close
 .text          0x10011650       0x10 /usr/lib/gcc/arm-none-eabi/8.3.1/../../../arm-none-eabi/lib/thumb/v6-m/nofp/libnosys.a(fstat.o)
                0x10011650                _fstat
 .text          0x10011660       0x10 /usr/lib/gcc/arm-none-eabi/8.3.1/../../../arm-none-eabi/lib/thumb/v6-m/nofp/libnosys.a(isatty.o)
                0x10011660                _isatty
 .text          0x10011670       0x10 /usr/lib/gcc/arm-none-eabi/8.3.1/../../../arm-none-eabi/lib/thumb/v6-m/nofp/libnosys.a(lseek.o)
                0x10011670                _lseek
 *(.fini)
 .fini          0x10011680        0x4 /usr/lib/gcc/arm-none-eabi/8.3.1/thumb/v6-m/nofp/crti.o
                0x10011680                _fini
 *fill*         0x10011684        0x4 
 .fini.__stub   0x10011688       0xa0 linker stubs
 *crtbegin.o(.ctors)
 *crtbegin?.o(.ctors)
 *(EXCLUDE_FILE(*crtend.o *crtend?.o) .ctors)
 *(SORT_BY_NAME(.ctors.*))
 *(.ctors)
 *crtbegin.o(.dtors)
 *crtbegin?.o(.dtors)
 *(EXCLUDE_FILE(*crtend.o *crtend?.o) .dtors)
 *(SORT_BY_NAME(.dtors.*))
 *(.dtors)
 *(.eh_frame*)
 .eh_frame      0x10011728        0x0 /usr/lib/gcc/arm-none-eabi/8.3.1/thumb/v6-m/nofp/crtbegin.o
                0x10011728                . = ALIGN (0x4)

.glue_7         0x10011728        0x0
 .glue_7        0x10011728        0x0 linker stubs

.glue_7t        0x10011728        0x0
 .glue_7t       0x10011728        0x0 linker stubs

.vfp11_veneer   0x10011728        0x0
 .vfp11_veneer  0x10011728        0x0 linker stubs

.v4_bx          0x10011728        0x0
 .v4_bx         0x10011728        0x0 linker stubs

.iplt           0x10011728        0x0
 .iplt          0x10011728        0x0 /usr/lib/gcc/arm-none-eabi/8.3.1/thumb/v6-m/nofp/crtbegin.o

.rodata         0x10011728     0x2f6c
 *(EXCLUDE_FILE(*libm.a: *libc.a:*lib_a-mem*.o *libgcc.a:) .rodata*)
 .rodata.__bi_497.9079
                0x10011728        0xc CMakeFiles/mbot.dir/mbot.c.obj
 .rodata.__bi_498.9082
                0x10011734        0xc CMakeFiles/mbot.dir/mbot.c.obj
 .rodata.__bi_526.9085
                0x10011740        0x8 CMakeFiles/mbot.dir/mbot.c.obj
 .rodata.main.str1.4
                0x10011748      0x2c7 CMakeFiles/mbot.dir/mbot.c.obj
 *fill*         0x10011a0f        0x1 
 .rodata.str1.4
                0x10011a10       0x39 CMakeFiles/mbot.dir/mbot.c.obj
 *fill*         0x10011a49        0x3 
 .rodata.timer_cb.str1.4
                0x10011a4c        0xf CMakeFiles/mbot.dir/mbot.c.obj
 *fill*         0x10011a5b        0x1 
 .rodata.spin_lock_claim_unused.str1.4
                0x10011a5c       0x1b CMakeFiles/mbot.dir/__/lib/pico-sdk/src/rp2_common/hardware_sync/sync.c.obj
 *fill*         0x10011a77        0x1 
 .rodata.user_irq_claim_unused.str1.4
                0x10011a78       0x1b CMakeFiles/mbot.dir/__/lib/pico-sdk/src/rp2_common/hardware_irq/irq.c.obj
 *fill*         0x10011a93        0x5 
 .rodata.at_the_end_of_time
                0x10011a98        0x8 CMakeFiles/mbot.dir/__/lib/pico-sdk/src/common/pico_time/time.c.obj
                0x10011a98                at_the_end_of_time
 .rodata.hardware_alarm_claim.str1.4
                0x10011aa0       0x22 CMakeFiles/mbot.dir/__/lib/pico-sdk/src/rp2_common/hardware_timer/timer.c.obj
 *fill*         0x10011ac2        0x2 
 .rodata.hard_assertion_failure.str1.4
                0x10011ac4        0xc CMakeFiles/mbot.dir/__/lib/pico-sdk/src/rp2_common/pico_runtime/runtime.c.obj
 .rodata.panic.str1.4
                0x10011ad0       0x10 CMakeFiles/mbot.dir/__/lib/pico-sdk/src/rp2_common/pico_runtime/runtime.c.obj
                                 0x12 (size before relaxing)
 .rodata._vsnprintf
                0x10011ae0      0x1e0 CMakeFiles/mbot.dir/__/lib/pico-sdk/src/rp2_common/pico_printf/printf.c.obj
 .rodata._ftoa.str1.4
                0x10011cc0       0x15 CMakeFiles/mbot.dir/__/lib/pico-sdk/src/rp2_common/pico_printf/printf.c.obj
 *fill*         0x10011cd5        0x3 
 .rodata.pow10.5494
                0x10011cd8       0x50 CMakeFiles/mbot.dir/__/lib/pico-sdk/src/rp2_common/pico_printf/printf.c.obj
 .rodata.__wrap_malloc.str1.4
                0x10011d28        0xe CMakeFiles/mbot.dir/__/lib/pico-sdk/src/rp2_common/pico_malloc/pico_malloc.c.obj
 *fill*         0x10011d36        0x2 
 .rodata.__bi_44
                0x10011d38        0xc CMakeFiles/mbot.dir/__/lib/pico-sdk/src/rp2_common/pico_standard_link/binary_info.c.obj
 .rodata.__bi_75
                0x10011d44        0xc CMakeFiles/mbot.dir/__/lib/pico-sdk/src/rp2_common/pico_standard_link/binary_info.c.obj
 .rodata.__bi_81
                0x10011d50        0xc CMakeFiles/mbot.dir/__/lib/pico-sdk/src/rp2_common/pico_standard_link/binary_info.c.obj
 .rodata.str1.4
                0x10011d5c       0x3c CMakeFiles/mbot.dir/__/lib/pico-sdk/src/rp2_common/pico_standard_link/binary_info.c.obj
 .rodata.crlf_str.5971
                0x10011d98        0x2 CMakeFiles/mbot.dir/__/lib/pico-sdk/src/rp2_common/pico_stdio/stdio.c.obj
 *fill*         0x10011d9a        0x2 
 .rodata._resetd_driver
                0x10011d9c       0x18 CMakeFiles/mbot.dir/__/lib/pico-sdk/src/rp2_common/pico_stdio_usb/reset_interface.c.obj
 .rodata.__bi_167.7287
                0x10011db4        0xc CMakeFiles/mbot.dir/__/lib/pico-sdk/src/rp2_common/pico_stdio_usb/stdio_usb.c.obj
 .rodata.str1.4
                0x10011dc0       0x13 CMakeFiles/mbot.dir/__/lib/pico-sdk/src/rp2_common/pico_stdio_usb/stdio_usb.c.obj
 *fill*         0x10011dd3        0x1 
 .rodata.str1.4
                0x10011dd4       0x2e CMakeFiles/mbot.dir/__/lib/pico-sdk/src/rp2_common/pico_stdio_usb/stdio_usb_descriptors.c.obj
 *fill*         0x10011e02        0x2 
 .rodata.usbd_desc_cfg
                0x10011e04       0x96 CMakeFiles/mbot.dir/__/lib/pico-sdk/src/rp2_common/pico_stdio_usb/stdio_usb_descriptors.c.obj
 *fill*         0x10011e9a        0x2 
 .rodata.usbd_desc_device
                0x10011e9c       0x12 CMakeFiles/mbot.dir/__/lib/pico-sdk/src/rp2_common/pico_stdio_usb/stdio_usb_descriptors.c.obj
 *fill*         0x10011eae        0x2 
 .rodata.usbd_desc_str
                0x10011eb0       0x18 CMakeFiles/mbot.dir/__/lib/pico-sdk/src/rp2_common/pico_stdio_usb/stdio_usb_descriptors.c.obj
 .rodata.dcd_rp2040_irq.str1.4
                0x10011ec8       0x14 CMakeFiles/mbot.dir/__/lib/pico-sdk/lib/tinyusb/src/portable/raspberrypi/rp2040/dcd_rp2040.c.obj
 .rodata._hw_endpoint_buffer_control_update32.part.2.str1.4
                0x10011edc       0x1f CMakeFiles/mbot.dir/__/lib/pico-sdk/lib/tinyusb/src/portable/raspberrypi/rp2040/rp2040_usb.c.obj
 *fill*         0x10011efb        0x1 
 .rodata.hw_endpoint_xfer_continue.str1.4
                0x10011efc       0x29 CMakeFiles/mbot.dir/__/lib/pico-sdk/lib/tinyusb/src/portable/raspberrypi/rp2040/rp2040_usb.c.obj
 *fill*         0x10011f25        0x3 
 .rodata.str1.4
                0x10011f28        0x7 CMakeFiles/mbot.dir/__/lib/pico-sdk/lib/tinyusb/src/portable/raspberrypi/rp2040/rp2040_usb.c.obj
 *fill*         0x10011f2f        0x1 
 .rodata.tud_task
                0x10011f30       0x8c CMakeFiles/mbot.dir/__/lib/pico-sdk/lib/tinyusb/src/device/usbd.c.obj
 .rodata._usbd_driver
                0x10011fbc       0x18 CMakeFiles/mbot.dir/__/lib/pico-sdk/lib/tinyusb/src/device/usbd.c.obj
 .rodata.pio_add_program.str1.4
                0x10011fd4       0x11 CMakeFiles/mbot.dir/__/lib/pico-sdk/src/rp2_common/hardware_pio/pio.c.obj
 *fill*         0x10011fe5        0x3 
 .rodata.pio_claim_unused_sm.str1.4
                0x10011fe8       0x24 CMakeFiles/mbot.dir/__/lib/pico-sdk/src/rp2_common/hardware_pio/pio.c.obj
 .rodata.rc_filter_alloc.str1.4
                0x1001200c      0x18a ../rc/librclib.a(filter.c.obj)
 *fill*         0x10012196        0x2 
 .rodata.rc_filter_alloc_from_arrays.str1.4
                0x10012198      0x18e ../rc/librclib.a(filter.c.obj)
 *fill*         0x10012326        0x2 
 .rodata.rc_filter_enable_saturation.str1.4
                0x10012328       0x76 ../rc/librclib.a(filter.c.obj)
 *fill*         0x1001239e        0x2 
 .rodata.rc_filter_first_order_highpass.str1.4
                0x100123a0       0xbd ../rc/librclib.a(filter.c.obj)
 *fill*         0x1001245d        0x3 
 .rodata.rc_filter_first_order_lowpass.str1.4
                0x10012460       0xbc ../rc/librclib.a(filter.c.obj)
 .rodata.rc_filter_free.str1.4
                0x1001251c       0x30 ../rc/librclib.a(filter.c.obj)
 .rodata.rc_filter_march.str1.4
                0x1001254c       0x2f ../rc/librclib.a(filter.c.obj)
 *fill*         0x1001257b        0x1 
 .rodata.rc_filter_moving_average.str1.4
                0x1001257c       0xa7 ../rc/librclib.a(filter.c.obj)
 *fill*         0x10012623        0x1 
 .rodata.rc_filter_pid.str1.4
                0x10012624       0x90 ../rc/librclib.a(filter.c.obj)
 .rodata.rc_filter_prefill_inputs.str1.4
                0x100126b4       0x39 ../rc/librclib.a(filter.c.obj)
 *fill*         0x100126ed        0x3 
 .rodata.rc_filter_prefill_outputs.str1.4
                0x100126f0       0x3a ../rc/librclib.a(filter.c.obj)
 *fill*         0x1001272a        0x2 
 .rodata.rc_ringbuf_alloc.str1.4
                0x1001272c       0x9a ../rc/librclib.a(ring_buffer.c.obj)
 *fill*         0x100127c6        0x2 
 .rodata.rc_ringbuf_free.str1.4
                0x100127c8       0x31 ../rc/librclib.a(ring_buffer.c.obj)
 *fill*         0x100127f9        0x3 
 .rodata.rc_ringbuf_get_value.str1.4
                0x100127fc       0xa6 ../rc/librclib.a(ring_buffer.c.obj)
 *fill*         0x100128a2        0x2 
 .rodata.rc_ringbuf_insert.str1.4
                0x100128a4       0x67 ../rc/librclib.a(ring_buffer.c.obj)
 *fill*         0x1001290b        0x1 
 .rodata.rc_vector_alloc.str1.4
                0x1001290c       0x91 ../rc/librclib.a(vector.c.obj)
 *fill*         0x1001299d        0x3 
 .rodata.rc_vector_duplicate.str1.4
                0x100129a0       0x6d ../rc/librclib.a(vector.c.obj)
 *fill*         0x10012a0d        0x3 
 .rodata.rc_vector_free.str1.4
                0x10012a10       0x2d ../rc/librclib.a(vector.c.obj)
 *fill*         0x10012a3d        0x3 
 .rodata.rc_vector_from_array.str1.4
                0x10012a40       0x72 ../rc/librclib.a(vector.c.obj)
 *fill*         0x10012ab2        0x2 
 .rodata.rc_vector_std_dev.str1.4
                0x10012ab4       0x38 ../rc/librclib.a(vector.c.obj)
 .rodata.rc_motor_set.str1.4
                0x10012aec       0x12 ../rc/librclib.a(motor.c.obj)
 *fill*         0x10012afe        0x2 
 .rodata.quadrature_encoder_program
                0x10012b00        0x6 ../rc/librclib.a(encoder.c.obj)
 *fill*         0x10012b06        0x2 
 .rodata.quadrature_encoder_program_instructions
                0x10012b08       0x3c ../rc/librclib.a(encoder.c.obj)
 .rodata.rc_encoder_read_delta.str1.4
                0x10012b44       0x12 ../rc/librclib.a(encoder.c.obj)
 *fill*         0x10012b44        0x4 
 .rodata        0x10012b48       0x48 ../rc/librclib.a(mpu.c.obj)
 .rodata.CSWTCH.199
                0x10012b90        0x8 ../rc/librclib.a(mpu.c.obj)
 .rodata.CSWTCH.200
                0x10012b98        0x8 ../rc/librclib.a(mpu.c.obj)
 .rodata.__init_magnetometer.isra.5.str1.4
                0x10012ba0       0x30 ../rc/librclib.a(mpu.c.obj)
 .rodata.__mag_correct_orientation.str1.4
                0x10012bd0       0x31 ../rc/librclib.a(mpu.c.obj)
 *fill*         0x10012c01        0x3 
 .rodata.__mpu_write_mem.str1.4
                0x10012c04       0x3e ../rc/librclib.a(mpu.c.obj)
 *fill*         0x10012c42        0x2 
 .rodata.dmp_firmware
                0x10012c44      0xbf6 ../rc/librclib.a(mpu.c.obj)
 *fill*         0x1001383a        0x2 
 .rodata.mb_dmp_callback.str1.4
                0x1001383c      0x1cf ../rc/librclib.a(mpu.c.obj)
 *fill*         0x10013a0b        0x1 
 .rodata.mb_mpu_calibrate_gyro_routine.str1.4
                0x10013a0c      0x11b ../rc/librclib.a(mpu.c.obj)
 *fill*         0x10013b27        0x1 
 .rodata.mb_mpu_initialize_dmp.str1.4
                0x10013b28      0x82e ../rc/librclib.a(mpu.c.obj)
 *fill*         0x10014356        0x2 
 .rodata.mb_mpu_read_mag.str1.4
                0x10014358      0x105 ../rc/librclib.a(mpu.c.obj)
 *fill*         0x1001445d        0x3 
 .rodata.rc_normalize_quaternion_array.str1.4
                0x10014460       0x22 ../rc/librclib.a(quaternion.c.obj)
 *fill*         0x10014482        0x2 
 .rodata.rc_quaternion_from_tb_array.str1.4
                0x10014484       0x3e ../rc/librclib.a(quaternion.c.obj)
 *fill*         0x100144c2        0x2 
 .rodata.rc_quaternion_multiply_array.str1.4
                0x100144c4       0x3f ../rc/librclib.a(quaternion.c.obj)
 *fill*         0x10014503        0x1 
 .rodata.rc_quaternion_rotate_vector_array.str1.4
                0x10014504       0x44 ../rc/librclib.a(quaternion.c.obj)
 .rodata.rc_quaternion_to_tb.str1.4
                0x10014548       0xe4 ../rc/librclib.a(quaternion.c.obj)
 .rodata.encode_msg.str1.4
                0x1001462c       0x61 ../comms/libcomms.a(common.c.obj)
 *fill*         0x1001468d        0x3 
 .rodata        0x10014690        0x4 /usr/lib/gcc/arm-none-eabi/8.3.1/../../../arm-none-eabi/lib/thumb/v6-m/nofp/libc.a(lib_a-impure.o)
                0x10014690                _global_impure_ptr
                0x10014694                . = ALIGN (0x4)
 *(SORT_BY_ALIGNMENT(SORT_BY_NAME(.flashdata*)))
                0x10014694                . = ALIGN (0x4)

.rel.dyn        0x10014694        0x0
 .rel.iplt      0x10014694        0x0 /usr/lib/gcc/arm-none-eabi/8.3.1/thumb/v6-m/nofp/crtbegin.o

.ARM.extab
 *(.ARM.extab* .gnu.linkonce.armextab.*)
                0x10014694                __exidx_start = .

.ARM.exidx
 *(.ARM.exidx* .gnu.linkonce.armexidx.*)
                0x10014694                __exidx_end = .
                0x10014694                . = ALIGN (0x4)
                0x10014694                __binary_info_start = .

.binary_info    0x10014694       0x2c
 *(.binary_info.keep.*)
 .binary_info.keep.__bi_ptr497
                0x10014694        0x4 CMakeFiles/mbot.dir/mbot.c.obj
 .binary_info.keep.__bi_ptr498
                0x10014698        0x4 CMakeFiles/mbot.dir/mbot.c.obj
 .binary_info.keep.__bi_ptr526
                0x1001469c        0x4 CMakeFiles/mbot.dir/mbot.c.obj
 .binary_info.keep.__bi_ptr22
                0x100146a0        0x4 CMakeFiles/mbot.dir/__/lib/pico-sdk/src/rp2_common/pico_standard_link/binary_info.c.obj
 .binary_info.keep.__bi_ptr30
                0x100146a4        0x4 CMakeFiles/mbot.dir/__/lib/pico-sdk/src/rp2_common/pico_standard_link/binary_info.c.obj
 .binary_info.keep.__bi_ptr38
                0x100146a8        0x4 CMakeFiles/mbot.dir/__/lib/pico-sdk/src/rp2_common/pico_standard_link/binary_info.c.obj
 .binary_info.keep.__bi_ptr44
                0x100146ac        0x4 CMakeFiles/mbot.dir/__/lib/pico-sdk/src/rp2_common/pico_standard_link/binary_info.c.obj
 .binary_info.keep.__bi_ptr50
                0x100146b0        0x4 CMakeFiles/mbot.dir/__/lib/pico-sdk/src/rp2_common/pico_standard_link/binary_info.c.obj
 .binary_info.keep.__bi_ptr75
                0x100146b4        0x4 CMakeFiles/mbot.dir/__/lib/pico-sdk/src/rp2_common/pico_standard_link/binary_info.c.obj
 .binary_info.keep.__bi_ptr81
                0x100146b8        0x4 CMakeFiles/mbot.dir/__/lib/pico-sdk/src/rp2_common/pico_standard_link/binary_info.c.obj
 *(.binary_info.*)
 .binary_info.__bi_ptr167
                0x100146bc        0x4 CMakeFiles/mbot.dir/__/lib/pico-sdk/src/rp2_common/pico_stdio_usb/stdio_usb.c.obj
                0x100146c0                __binary_info_end = .
                0x100146c0                . = ALIGN (0x4)
                0x100146c0                __etext = .

.ram_vector_table
                0x20000000       0xc0
 *(.ram_vector_table)
 .ram_vector_table
                0x20000000       0xc0 CMakeFiles/mbot.dir/__/lib/pico-sdk/src/rp2_common/pico_runtime/runtime.c.obj
                0x20000000                ram_vector_table

.data           0x200000c0      0xe28 load address 0x100146c0
                0x200000c0                __data_start__ = .
 *(vtable)
 *(.time_critical*)
 .time_critical.mutex_enter_blocking
                0x200000c0       0x48 CMakeFiles/mbot.dir/__/lib/pico-sdk/src/common/pico_sync/mutex.c.obj
                0x200000c0                mutex_enter_blocking
 .time_critical.mutex_try_enter
                0x20000108       0x48 CMakeFiles/mbot.dir/__/lib/pico-sdk/src/common/pico_sync/mutex.c.obj
                0x20000108                mutex_try_enter
 .time_critical.mutex_enter_timeout_ms
                0x20000150       0x98 CMakeFiles/mbot.dir/__/lib/pico-sdk/src/common/pico_sync/mutex.c.obj
                0x20000150                mutex_enter_timeout_ms
 .time_critical.mutex_exit
                0x200001e8       0x28 CMakeFiles/mbot.dir/__/lib/pico-sdk/src/common/pico_sync/mutex.c.obj
                0x200001e8                mutex_exit
 .time_critical.flash_init_boot2_copyout
                0x20000210       0x30 CMakeFiles/mbot.dir/__/lib/pico-sdk/src/rp2_common/hardware_flash/flash.c.obj
 .time_critical.flash_enable_xip_via_boot2
                0x20000240       0x10 CMakeFiles/mbot.dir/__/lib/pico-sdk/src/rp2_common/hardware_flash/flash.c.obj
 .time_critical.flash_cs_force
                0x20000250       0x38 CMakeFiles/mbot.dir/__/lib/pico-sdk/src/rp2_common/hardware_flash/flash.c.obj
 .time_critical.flash_do_cmd
                0x20000288       0xb4 CMakeFiles/mbot.dir/__/lib/pico-sdk/src/rp2_common/hardware_flash/flash.c.obj
                0x20000288                flash_do_cmd
 *(.text*)
 .text          0x2000033c        0x4 /usr/lib/gcc/arm-none-eabi/8.3.1/thumb/v6-m/nofp/libgcc.a(_dvmd_tls.o)
                0x2000033c                __aeabi_ldiv0
                0x2000033c                __aeabi_idiv0
 .text          0x20000340       0x50 /usr/lib/gcc/arm-none-eabi/8.3.1/../../../arm-none-eabi/lib/thumb/v6-m/nofp/libc.a(lib_a-memcmp.o)
                0x20000340                memcmp
 .text          0x20000390       0x80 /usr/lib/gcc/arm-none-eabi/8.3.1/../../../arm-none-eabi/lib/thumb/v6-m/nofp/libc.a(lib_a-memchr-stub.o)
                0x20000390                memchr
 .text          0x20000410       0xbc /usr/lib/gcc/arm-none-eabi/8.3.1/../../../arm-none-eabi/lib/thumb/v6-m/nofp/libc.a(lib_a-memmove.o)
                0x20000410                memmove
 *fill*         0x200004cc        0x4 
 .text.__stub   0x200004d0       0x30 linker stubs
                0x20000500                . = ALIGN (0x4)
 *(.rodata*)
                0x20000500                . = ALIGN (0x4)
 *(.data*)
 .data.enc2meters
                0x20000500        0x4 CMakeFiles/mbot.dir/mbot.c.obj
                0x20000500                enc2meters
 .data.fwd_vel_i_pid_params
                0x20000504       0x10 CMakeFiles/mbot.dir/mbot.c.obj
                0x20000504                fwd_vel_i_pid_params
 .data.fwd_vel_pid_params
                0x20000514       0x10 CMakeFiles/mbot.dir/mbot.c.obj
                0x20000514                fwd_vel_pid_params
 .data.left_i_pid_params
                0x20000524       0x10 CMakeFiles/mbot.dir/mbot.c.obj
                0x20000524                left_i_pid_params
 .data.left_pid_params
                0x20000534       0x10 CMakeFiles/mbot.dir/mbot.c.obj
                0x20000534                left_pid_params
 .data.right_i_pid_params
                0x20000544       0x10 CMakeFiles/mbot.dir/mbot.c.obj
                0x20000544                right_i_pid_params
 .data.right_pid_params
                0x20000554       0x10 CMakeFiles/mbot.dir/mbot.c.obj
                0x20000554                right_pid_params
 .data.turn_vel_i_pid_params
                0x20000564       0x10 CMakeFiles/mbot.dir/mbot.c.obj
                0x20000564                turn_vel_i_pid_params
 .data.turn_vel_pid_params